../MCAL/Scr/stm32_F103C6_EXTI_driver.c:41:6:NVIC__EXTI_IRQ_ENABLE	16	static
../MCAL/Scr/stm32_F103C6_EXTI_driver.c:97:6:NVIC__EXTI_IRQ_DISABLE	16	static
../MCAL/Scr/stm32_F103C6_EXTI_driver.c:153:6:MCAL_EXTI_DEInit	4	static
../MCAL/Scr/stm32_F103C6_EXTI_driver.c:184:6:MCAL_EXTI_Init	32	static
../MCAL/Scr/stm32_F103C6_EXTI_driver.c:239:6:EXTI0_IRQHandler	8	static
../MCAL/Scr/stm32_F103C6_EXTI_driver.c:246:6:EXTI1_IRQHandler	8	static
../MCAL/Scr/stm32_F103C6_EXTI_driver.c:253:6:EXTI2_IRQHandler	8	static
../MCAL/Scr/stm32_F103C6_EXTI_driver.c:261:6:EXTI3_IRQHandler	8	static
../MCAL/Scr/stm32_F103C6_EXTI_driver.c:268:6:EXTI4_IRQHandler	8	static
../MCAL/Scr/stm32_F103C6_EXTI_driver.c:276:6:EXTI9_5_IRQHandler	8	static
../MCAL/Scr/stm32_F103C6_EXTI_driver.c:286:6:EXTI15_10_IRQHandler	8	static
