../MCAL/Scr/stm32_F103C8T6_timer_driver.c:22:13:TIM_EnableClock	16	static
../MCAL/Scr/stm32_F103C8T6_timer_driver.c:41:16:TIM_GetIndex	16	static
../MCAL/Scr/stm32_F103C8T6_timer_driver.c:56:16:TIM_GetChannelIndex	16	static
../MCAL/Scr/stm32_F103C8T6_timer_driver.c:73:6:MCAL_TIM_Base_Init	24	static
../MCAL/Scr/stm32_F103C8T6_timer_driver.c:105:6:MCAL_TIM_Base_DeInit	24	static
../MCAL/Scr/stm32_F103C8T6_timer_driver.c:136:6:MCAL_TIM_Base_Start	16	static
../MCAL/Scr/stm32_F103C8T6_timer_driver.c:148:6:MCAL_TIM_Base_Stop	16	static
../MCAL/Scr/stm32_F103C8T6_timer_driver.c:161:6:MCAL_TIM_Base_SetCounter	16	static
../MCAL/Scr/stm32_F103C8T6_timer_driver.c:172:10:MCAL_TIM_Base_GetCounter	16	static
../MCAL/Scr/stm32_F103C8T6_timer_driver.c:184:6:MCAL_TIM_Base_SetPrescaler	16	static
../MCAL/Scr/stm32_F103C8T6_timer_driver.c:198:6:MCAL_TIM_Base_SetPeriod	16	static
../MCAL/Scr/stm32_F103C8T6_timer_driver.c:215:6:MCAL_TIM_PWM_Init	24	static
../MCAL/Scr/stm32_F103C8T6_timer_driver.c:315:6:MCAL_TIM_PWM_Start	24	static
../MCAL/Scr/stm32_F103C8T6_timer_driver.c:332:6:MCAL_TIM_PWM_Stop	24	static
../MCAL/Scr/stm32_F103C8T6_timer_driver.c:347:6:MCAL_TIM_PWM_SetDutyCycle	24	static
../MCAL/Scr/stm32_F103C8T6_timer_driver.c:378:6:MCAL_TIM_IC_Init	24	static
../MCAL/Scr/stm32_F103C8T6_timer_driver.c:430:6:MCAL_TIM_IC_Start	24	static
../MCAL/Scr/stm32_F103C8T6_timer_driver.c:447:6:MCAL_TIM_IC_Stop	24	static
../MCAL/Scr/stm32_F103C8T6_timer_driver.c:461:10:MCAL_TIM_IC_GetCapture	24	static
../MCAL/Scr/stm32_F103C8T6_timer_driver.c:492:6:MCAL_TIM_EnableIT	16	static
../MCAL/Scr/stm32_F103C8T6_timer_driver.c:521:6:MCAL_TIM_DisableIT	16	static
../MCAL/Scr/stm32_F103C8T6_timer_driver.c:549:9:MCAL_TIM_GetFlagStatus	16	static
../MCAL/Scr/stm32_F103C8T6_timer_driver.c:561:6:MCAL_TIM_ClearFlag	16	static
../MCAL/Scr/stm32_F103C8T6_timer_driver.c:573:6:MCAL_TIM_SetUpdateCallback	24	static
../MCAL/Scr/stm32_F103C8T6_timer_driver.c:587:6:MCAL_TIM_SetCaptureCompareCallback	32	static
../MCAL/Scr/stm32_F103C8T6_timer_driver.c:594:6:TIM1_UP_IRQHandler	8	static
../MCAL/Scr/stm32_F103C8T6_timer_driver.c:606:6:TIM1_CC_IRQHandler	8	static
../MCAL/Scr/stm32_F103C8T6_timer_driver.c:634:6:TIM2_IRQHandler	8	static
../MCAL/Scr/stm32_F103C8T6_timer_driver.c:669:6:TIM3_IRQHandler	8	static
../MCAL/Scr/stm32_F103C8T6_timer_driver.c:704:6:TIM4_IRQHandler	8	static
