../MCAL/Scr/stm32_F103C8T6_EXTI_driver.c:41:6:NVIC__EXTI_IRQ_ENABLE	16	static
../MCAL/Scr/stm32_F103C8T6_EXTI_driver.c:90:6:NVIC__EXTI_IRQ_DISABLE	16	static
../MCAL/Scr/stm32_F103C8T6_EXTI_driver.c:138:6:MCAL_EXTI_DEInit	4	static
../MCAL/Scr/stm32_F103C8T6_EXTI_driver.c:169:6:MCAL_EXTI_Init	32	static
../MCAL/Scr/stm32_F103C8T6_EXTI_driver.c:224:6:EXTI0_IRQHandler	8	static
../MCAL/Scr/stm32_F103C8T6_EXTI_driver.c:231:6:EXTI1_IRQHandler	8	static
../MCAL/Scr/stm32_F103C8T6_EXTI_driver.c:238:6:EXTI2_IRQHandler	8	static
../MCAL/Scr/stm32_F103C8T6_EXTI_driver.c:246:6:EXTI3_IRQHandler	8	static
../MCAL/Scr/stm32_F103C8T6_EXTI_driver.c:253:6:EXTI4_IRQHandler	8	static
../MCAL/Scr/stm32_F103C8T6_EXTI_driver.c:261:6:EXTI9_5_IRQHandler	8	static
../MCAL/Scr/stm32_F103C8T6_EXTI_driver.c:271:6:EXTI15_10_IRQHandler	8	static
