../MCAL/Scr/stm32_F103C8T6_timer_driver.c:19:13:TIM_EnableClock	16	static
../MCAL/Scr/stm32_F103C8T6_timer_driver.c:36:16:TIM_GetIndex	16	static
../MCAL/Scr/stm32_F103C8T6_timer_driver.c:49:16:TIM_GetChannelIndex	16	static
../MCAL/Scr/stm32_F103C8T6_timer_driver.c:63:6:MCAL_TIM_Base_Init	24	static
../MCAL/Scr/stm32_F103C8T6_timer_driver.c:92:6:MCAL_TIM_Base_DeInit	24	static
../MCAL/Scr/stm32_F103C8T6_timer_driver.c:120:6:MCAL_TIM_Base_Start	16	static
../MCAL/Scr/stm32_F103C8T6_timer_driver.c:129:6:MCAL_TIM_Base_Stop	16	static
../MCAL/Scr/stm32_F103C8T6_timer_driver.c:139:6:MCAL_TIM_Base_SetCounter	16	static
../MCAL/Scr/stm32_F103C8T6_timer_driver.c:148:10:MCAL_TIM_Base_GetCounter	16	static
../MCAL/Scr/stm32_F103C8T6_timer_driver.c:157:6:MCAL_TIM_Base_SetPrescaler	16	static
../MCAL/Scr/stm32_F103C8T6_timer_driver.c:168:6:MCAL_TIM_Base_SetPeriod	16	static
../MCAL/Scr/stm32_F103C8T6_timer_driver.c:182:6:MCAL_TIM_PWM_Init	24	static
../MCAL/Scr/stm32_F103C8T6_timer_driver.c:279:6:MCAL_TIM_PWM_Start	24	static
../MCAL/Scr/stm32_F103C8T6_timer_driver.c:293:6:MCAL_TIM_PWM_Stop	24	static
../MCAL/Scr/stm32_F103C8T6_timer_driver.c:305:6:MCAL_TIM_PWM_SetDutyCycle	24	static
../MCAL/Scr/stm32_F103C8T6_timer_driver.c:333:6:MCAL_TIM_IC_Init	24	static
../MCAL/Scr/stm32_F103C8T6_timer_driver.c:382:6:MCAL_TIM_IC_Start	24	static
../MCAL/Scr/stm32_F103C8T6_timer_driver.c:396:6:MCAL_TIM_IC_Stop	24	static
../MCAL/Scr/stm32_F103C8T6_timer_driver.c:408:10:MCAL_TIM_IC_GetCapture	24	static
../MCAL/Scr/stm32_F103C8T6_timer_driver.c:436:6:MCAL_TIM_EnableIT	16	static
../MCAL/Scr/stm32_F103C8T6_timer_driver.c:462:6:MCAL_TIM_DisableIT	16	static
../MCAL/Scr/stm32_F103C8T6_timer_driver.c:488:9:MCAL_TIM_GetFlagStatus	16	static
../MCAL/Scr/stm32_F103C8T6_timer_driver.c:497:6:MCAL_TIM_ClearFlag	16	static
../MCAL/Scr/stm32_F103C8T6_timer_driver.c:506:6:MCAL_TIM_SetUpdateCallback	24	static
../MCAL/Scr/stm32_F103C8T6_timer_driver.c:517:6:MCAL_TIM_SetCaptureCompareCallback	32	static
../MCAL/Scr/stm32_F103C8T6_timer_driver.c:524:6:TIM1_UP_IRQHandler	8	static
../MCAL/Scr/stm32_F103C8T6_timer_driver.c:536:6:TIM1_CC_IRQHandler	8	static
../MCAL/Scr/stm32_F103C8T6_timer_driver.c:564:6:TIM2_IRQHandler	8	static
../MCAL/Scr/stm32_F103C8T6_timer_driver.c:599:6:TIM3_IRQHandler	8	static
../MCAL/Scr/stm32_F103C8T6_timer_driver.c:634:6:TIM4_IRQHandler	8	static
