Archive member included to satisfy reference by file (symbol)

C:/ST/STM32CubeIDE_1.13.1/STM32CubeIDE/plugins/com.st.stm32cube.ide.mcu.externaltools.gnu-tools-for-stm32.12.3.rel1.win32_1.1.0.202410251130/tools/bin/../lib/gcc/arm-none-eabi/12.3.1/../../../../arm-none-eabi/lib/thumb/v7-m/nofp\libc_nano.a(libc_a-exit.o)
                              C:/ST/STM32CubeIDE_1.13.1/STM32CubeIDE/plugins/com.st.stm32cube.ide.mcu.externaltools.gnu-tools-for-stm32.12.3.rel1.win32_1.1.0.202410251130/tools/bin/../lib/gcc/arm-none-eabi/12.3.1/../../../../arm-none-eabi/lib/thumb/v7-m/nofp/crt0.o (exit)
C:/ST/STM32CubeIDE_1.13.1/STM32CubeIDE/plugins/com.st.stm32cube.ide.mcu.externaltools.gnu-tools-for-stm32.12.3.rel1.win32_1.1.0.202410251130/tools/bin/../lib/gcc/arm-none-eabi/12.3.1/../../../../arm-none-eabi/lib/thumb/v7-m/nofp\libc_nano.a(libc_a-findfp.o)
                              C:/ST/STM32CubeIDE_1.13.1/STM32CubeIDE/plugins/com.st.stm32cube.ide.mcu.externaltools.gnu-tools-for-stm32.12.3.rel1.win32_1.1.0.202410251130/tools/bin/../lib/gcc/arm-none-eabi/12.3.1/../../../../arm-none-eabi/lib/thumb/v7-m/nofp\libc_nano.a(libc_a-exit.o) (__stdio_exit_handler)
C:/ST/STM32CubeIDE_1.13.1/STM32CubeIDE/plugins/com.st.stm32cube.ide.mcu.externaltools.gnu-tools-for-stm32.12.3.rel1.win32_1.1.0.202410251130/tools/bin/../lib/gcc/arm-none-eabi/12.3.1/../../../../arm-none-eabi/lib/thumb/v7-m/nofp\libc_nano.a(libc_a-fwalk.o)
                              C:/ST/STM32CubeIDE_1.13.1/STM32CubeIDE/plugins/com.st.stm32cube.ide.mcu.externaltools.gnu-tools-for-stm32.12.3.rel1.win32_1.1.0.202410251130/tools/bin/../lib/gcc/arm-none-eabi/12.3.1/../../../../arm-none-eabi/lib/thumb/v7-m/nofp\libc_nano.a(libc_a-findfp.o) (_fwalk_sglue)
C:/ST/STM32CubeIDE_1.13.1/STM32CubeIDE/plugins/com.st.stm32cube.ide.mcu.externaltools.gnu-tools-for-stm32.12.3.rel1.win32_1.1.0.202410251130/tools/bin/../lib/gcc/arm-none-eabi/12.3.1/../../../../arm-none-eabi/lib/thumb/v7-m/nofp\libc_nano.a(libc_a-stdio.o)
                              C:/ST/STM32CubeIDE_1.13.1/STM32CubeIDE/plugins/com.st.stm32cube.ide.mcu.externaltools.gnu-tools-for-stm32.12.3.rel1.win32_1.1.0.202410251130/tools/bin/../lib/gcc/arm-none-eabi/12.3.1/../../../../arm-none-eabi/lib/thumb/v7-m/nofp\libc_nano.a(libc_a-findfp.o) (__sread)
C:/ST/STM32CubeIDE_1.13.1/STM32CubeIDE/plugins/com.st.stm32cube.ide.mcu.externaltools.gnu-tools-for-stm32.12.3.rel1.win32_1.1.0.202410251130/tools/bin/../lib/gcc/arm-none-eabi/12.3.1/../../../../arm-none-eabi/lib/thumb/v7-m/nofp\libc_nano.a(libc_a-memset.o)
                              C:/ST/STM32CubeIDE_1.13.1/STM32CubeIDE/plugins/com.st.stm32cube.ide.mcu.externaltools.gnu-tools-for-stm32.12.3.rel1.win32_1.1.0.202410251130/tools/bin/../lib/gcc/arm-none-eabi/12.3.1/../../../../arm-none-eabi/lib/thumb/v7-m/nofp/crt0.o (memset)
C:/ST/STM32CubeIDE_1.13.1/STM32CubeIDE/plugins/com.st.stm32cube.ide.mcu.externaltools.gnu-tools-for-stm32.12.3.rel1.win32_1.1.0.202410251130/tools/bin/../lib/gcc/arm-none-eabi/12.3.1/../../../../arm-none-eabi/lib/thumb/v7-m/nofp\libc_nano.a(libc_a-closer.o)
                              C:/ST/STM32CubeIDE_1.13.1/STM32CubeIDE/plugins/com.st.stm32cube.ide.mcu.externaltools.gnu-tools-for-stm32.12.3.rel1.win32_1.1.0.202410251130/tools/bin/../lib/gcc/arm-none-eabi/12.3.1/../../../../arm-none-eabi/lib/thumb/v7-m/nofp\libc_nano.a(libc_a-stdio.o) (_close_r)
C:/ST/STM32CubeIDE_1.13.1/STM32CubeIDE/plugins/com.st.stm32cube.ide.mcu.externaltools.gnu-tools-for-stm32.12.3.rel1.win32_1.1.0.202410251130/tools/bin/../lib/gcc/arm-none-eabi/12.3.1/../../../../arm-none-eabi/lib/thumb/v7-m/nofp\libc_nano.a(libc_a-reent.o)
                              C:/ST/STM32CubeIDE_1.13.1/STM32CubeIDE/plugins/com.st.stm32cube.ide.mcu.externaltools.gnu-tools-for-stm32.12.3.rel1.win32_1.1.0.202410251130/tools/bin/../lib/gcc/arm-none-eabi/12.3.1/../../../../arm-none-eabi/lib/thumb/v7-m/nofp\libc_nano.a(libc_a-closer.o) (errno)
C:/ST/STM32CubeIDE_1.13.1/STM32CubeIDE/plugins/com.st.stm32cube.ide.mcu.externaltools.gnu-tools-for-stm32.12.3.rel1.win32_1.1.0.202410251130/tools/bin/../lib/gcc/arm-none-eabi/12.3.1/../../../../arm-none-eabi/lib/thumb/v7-m/nofp\libc_nano.a(libc_a-impure.o)
                              C:/ST/STM32CubeIDE_1.13.1/STM32CubeIDE/plugins/com.st.stm32cube.ide.mcu.externaltools.gnu-tools-for-stm32.12.3.rel1.win32_1.1.0.202410251130/tools/bin/../lib/gcc/arm-none-eabi/12.3.1/../../../../arm-none-eabi/lib/thumb/v7-m/nofp\libc_nano.a(libc_a-reent.o) (_impure_ptr)
C:/ST/STM32CubeIDE_1.13.1/STM32CubeIDE/plugins/com.st.stm32cube.ide.mcu.externaltools.gnu-tools-for-stm32.12.3.rel1.win32_1.1.0.202410251130/tools/bin/../lib/gcc/arm-none-eabi/12.3.1/../../../../arm-none-eabi/lib/thumb/v7-m/nofp\libc_nano.a(libc_a-lseekr.o)
[...]
Memory Configuration

Name             Origin             Length             Attributes
RAM              0x20000000         0x00005000         xrw
FLASH            0x08000000         0x00010000         xr
*default*        0x00000000         0xffffffff

Linker script and memory map

LOAD C:/ST/STM32CubeIDE_1.13.1/STM32CubeIDE/plugins/com.st.stm32cube.ide.mcu.externaltools.gnu-tools-for-stm32.12.3.rel1.win32_1.1.0.202410251130/tools/bin/../lib/gcc/arm-none-eabi/12.3.1/thumb/v7-m/nofp/crti.o
LOAD C:/ST/STM32CubeIDE_1.13.1/STM32CubeIDE/plugins/com.st.stm32cube.ide.mcu.externaltools.gnu-tools-for-stm32.12.3.rel1.win32_1.1.0.202410251130/tools/bin/../lib/gcc/arm-none-eabi/12.3.1/thumb/v7-m/nofp/crtbegin.o
LOAD C:/ST/STM32CubeIDE_1.13.1/STM32CubeIDE/plugins/com.st.stm32cube.ide.mcu.externaltools.gnu-tools-for-stm32.12.3.rel1.win32_1.1.0.202410251130/tools/bin/../lib/gcc/arm-none-eabi/12.3.1/../../../../arm-none-eabi/lib/thumb/v7-m/nofp/crt0.o
LOAD ./App/Src/acc.o
LOAD ./Core/Src/main.o
LOAD ./Core/Src/syscalls.o
LOAD ./Core/Src/sysmem.o
LOAD ./HAL/Src/motor.o
LOAD ./HAL/Src/speed_sensor.o
LOAD ./HAL/Src/ultrasonic.o
LOAD ./MCAL/Scr/RCC.o
LOAD ./MCAL/Scr/stm32_F103C8T6_EXTI_driver.o
LOAD ./MCAL/Scr/stm32_F103C8T6_gpio_driver.o
LOAD ./MCAL/Scr/stm32_F103C8T6_timer_driver.o
LOAD ./Startup/startup_stm32f103c8tx.o
START GROUP
LOAD C:/ST/STM32CubeIDE_1.13.1/STM32CubeIDE/plugins/com.st.stm32cube.ide.mcu.externaltools.gnu-tools-for-stm32.12.3.rel1.win32_1.1.0.202410251130/tools/bin/../lib/gcc/arm-none-eabi/12.3.1/../../../../arm-none-eabi/lib/thumb/v7-m/nofp\libc_nano.a
LOAD C:/ST/STM32CubeIDE_1.13.1/STM32CubeIDE/plugins/com.st.stm32cube.ide.mcu.externaltools.gnu-tools-for-stm32.12.3.rel1.win32_1.1.0.202410251130/tools/bin/../lib/gcc/arm-none-eabi/12.3.1/../../../../arm-none-eabi/lib/thumb/v7-m/nofp\libm.a
END GROUP
START GROUP
LOAD C:/ST/STM32CubeIDE_1.13.1/STM32CubeIDE/plugins/com.st.stm32cube.ide.mcu.externaltools.gnu-tools-for-stm32.12.3.rel1.win32_1.1.0.202410251130/tools/bin/../lib/gcc/arm-none-eabi/12.3.1/thumb/v7-m/nofp\libgcc.a
LOAD C:/ST/STM32CubeIDE_1.13.1/STM32CubeIDE/plugins/com.st.stm32cube.ide.mcu.externaltools.gnu-tools-for-stm32.12.3.rel1.win32_1.1.0.202410251130/tools/bin/../lib/gcc/arm-none-eabi/12.3.1/../../../../arm-none-eabi/lib/thumb/v7-m/nofp\libc_nano.a
END GROUP
START GROUP
LOAD C:/ST/STM32CubeIDE_1.13.1/STM32CubeIDE/plugins/com.st.stm32cube.ide.mcu.externaltools.gnu-tools-for-stm32.12.3.rel1.win32_1.1.0.202410251130/tools/bin/../lib/gcc/arm-none-eabi/12.3.1/thumb/v7-m/nofp\libgcc.a
LOAD C:/ST/STM32CubeIDE_1.13.1/STM32CubeIDE/plugins/com.st.stm32cube.ide.mcu.externaltools.gnu-tools-for-stm32.12.3.rel1.win32_1.1.0.202410251130/tools/bin/../lib/gcc/arm-none-eabi/12.3.1/../../../../arm-none-eabi/lib/thumb/v7-m/nofp\libc_nano.a
LOAD C:/ST/STM32CubeIDE_1.13.1/STM32CubeIDE/plugins/com.st.stm32cube.ide.mcu.externaltools.gnu-tools-for-stm32.12.3.rel1.win32_1.1.0.202410251130/tools/bin/../lib/gcc/arm-none-eabi/12.3.1/../../../../arm-none-eabi/lib/thumb/v7-m/nofp\libnosys.a
END GROUP
START GROUP
LOAD C:/ST/STM32CubeIDE_1.13.1/STM32CubeIDE/plugins/com.st.stm32cube.ide.mcu.externaltools.gnu-tools-for-stm32.12.3.rel1.win32_1.1.0.202410251130/tools/bin/../lib/gcc/arm-none-eabi/12.3.1/thumb/v7-m/nofp\libgcc.a
LOAD C:/ST/STM32CubeIDE_1.13.1/STM32CubeIDE/plugins/com.st.stm32cube.ide.mcu.externaltools.gnu-tools-for-stm32.12.3.rel1.win32_1.1.0.202410251130/tools/bin/../lib/gcc/arm-none-eabi/12.3.1/../../../../arm-none-eabi/lib/thumb/v7-m/nofp\libc_nano.a
LOAD C:/ST/STM32CubeIDE_1.13.1/STM32CubeIDE/plugins/com.st.stm32cube.ide.mcu.externaltools.gnu-tools-for-stm32.12.3.rel1.win32_1.1.0.202410251130/tools/bin/../lib/gcc/arm-none-eabi/12.3.1/../../../../arm-none-eabi/lib/thumb/v7-m/nofp\libnosys.a
END GROUP
LOAD C:/ST/STM32CubeIDE_1.13.1/STM32CubeIDE/plugins/com.st.stm32cube.ide.mcu.externaltools.gnu-tools-for-stm32.12.3.rel1.win32_1.1.0.202410251130/tools/bin/../lib/gcc/arm-none-eabi/12.3.1/thumb/v7-m/nofp/crtend.o
LOAD C:/ST/STM32CubeIDE_1.13.1/STM32CubeIDE/plugins/com.st.stm32cube.ide.mcu.externaltools.gnu-tools-for-stm32.12.3.rel1.win32_1.1.0.202410251130/tools/bin/../lib/gcc/arm-none-eabi/12.3.1/thumb/v7-m/nofp/crtn.o
                0x20005000                        _estack = (ORIGIN (RAM) + LENGTH (RAM))
                0x00000200                        _Min_Heap_Size = 0x200
                0x00000400                        _Min_Stack_Size = 0x400

.isr_vector     0x08000000      0x130
                0x08000000                        . = ALIGN (0x4)
 *(.isr_vector)
 .isr_vector    0x08000000      0x130 ./Startup/startup_stm32f103c8tx.o
                0x08000000                g_pfnVectors
                0x08000130                        . = ALIGN (0x4)

.text           0x08000130     0x3904
                0x08000130                        . = ALIGN (0x4)
 *(.text)
 .text          0x08000130       0x40 C:/ST/STM32CubeIDE_1.13.1/STM32CubeIDE/plugins/com.st.stm32cube.ide.mcu.externaltools.gnu-tools-for-stm32.12.3.rel1.win32_1.1.0.202410251130/tools/bin/../lib/gcc/arm-none-eabi/12.3.1/thumb/v7-m/nofp/crtbegin.o
 .text          0x08000170      0x378 C:/ST/STM32CubeIDE_1.13.1/STM32CubeIDE/plugins/com.st.stm32cube.ide.mcu.externaltools.gnu-tools-for-stm32.12.3.rel1.win32_1.1.0.202410251130/tools/bin/../lib/gcc/arm-none-eabi/12.3.1/thumb/v7-m/nofp\libgcc.a(_arm_addsubdf3.o)
                0x08000170                __aeabi_drsub
                0x08000178                __aeabi_dsub
                0x08000178                __subdf3
                0x0800017c                __aeabi_dadd
                0x0800017c                __adddf3
                0x080003f4                __floatunsidf
                0x080003f4                __aeabi_ui2d
                0x08000414                __floatsidf
                0x08000414                __aeabi_i2d
                0x08000438                __aeabi_f2d
                0x08000438                __extendsfdf2
                0x0800047c                __floatundidf
                0x0800047c                __aeabi_ul2d
                0x0800048c                __floatdidf
                0x0800048c                __aeabi_l2d
 .text          0x080004e8      0x424 C:/ST/STM32CubeIDE_1.13.1/STM32CubeIDE/plugins/com.st.stm32cube.ide.mcu.externaltools.gnu-tools-for-stm32.12.3.rel1.win32_1.1.0.202410251130/tools/bin/../lib/gcc/arm-none-eabi/12.3.1/thumb/v7-m/nofp\libgcc.a(_arm_muldivdf3.o)
                0x080004e8                __aeabi_dmul
                0x080004e8                __muldf3
                0x0800073c                __divdf3
                0x0800073c                __aeabi_ddiv
 .text          0x0800090c       0x40 C:/ST/STM32CubeIDE_1.13.1/STM32CubeIDE/plugins/com.st.stm32cube.ide.mcu.externaltools.gnu-tools-for-stm32.12.3.rel1.win32_1.1.0.202410251130/tools/bin/../lib/gcc/arm-none-eabi/12.3.1/thumb/v7-m/nofp\libgcc.a(_arm_fixunsdfsi.o)
                0x0800090c                __aeabi_d2uiz
                0x0800090c                __fixunsdfsi
 .text          0x0800094c       0xa0 C:/ST/STM32CubeIDE_1.13.1/STM32CubeIDE/plugins/com.st.stm32cube.ide.mcu.externaltools.gnu-tools-for-stm32.12.3.rel1.win32_1.1.0.202410251130/tools/bin/../lib/gcc/arm-none-eabi/12.3.1/thumb/v7-m/nofp\libgcc.a(_arm_truncdfsf2.o)
                0x0800094c                __truncdfsf2
                0x0800094c                __aeabi_d2f
 .text          0x080009ec      0x21c C:/ST/STM32CubeIDE_1.13.1/STM32CubeIDE/plugins/com.st.stm32cube.ide.mcu.externaltools.gnu-tools-for-stm32.12.3.rel1.win32_1.1.0.202410251130/tools/bin/../lib/gcc/arm-none-eabi/12.3.1/thumb/v7-m/nofp\libgcc.a(_arm_addsubsf3.o)
                0x080009ec                __aeabi_frsub
                0x080009f4                __subsf3
                0x080009f4                __aeabi_fsub
                0x080009f8                __aeabi_fadd
                0x080009f8                __addsf3
                0x08000b58                __aeabi_ui2f
                0x08000b58                __floatunsisf
                0x08000b60                __aeabi_i2f
                0x08000b60                __floatsisf
                0x08000b7c                __aeabi_ul2f
                0x08000b7c                __floatundisf
                0x08000b8c                __aeabi_l2f
                0x08000b8c                __floatdisf
 .text          0x08000c08      0x2a0 C:/ST/STM32CubeIDE_1.13.1/STM32CubeIDE/plugins/com.st.stm32cube.ide.mcu.externaltools.gnu-tools-for-stm32.12.3.rel1.win32_1.1.0.202410251130/tools/bin/../lib/gcc/arm-none-eabi/12.3.1/thumb/v7-m/nofp\libgcc.a(_arm_muldivsf3.o)
                0x08000c08                __mulsf3
                0x08000c08                __aeabi_fmul
                0x08000d70                __aeabi_fdiv
                0x08000d70                __divsf3
 .text          0x08000ea8       0xec C:/ST/STM32CubeIDE_1.13.1/STM32CubeIDE/plugins/com.st.stm32cube.ide.mcu.externaltools.gnu-tools-for-stm32.12.3.rel1.win32_1.1.0.202410251130/tools/bin/../lib/gcc/arm-none-eabi/12.3.1/thumb/v7-m/nofp\libgcc.a(_arm_cmpsf2.o)
                0x08000ea8                __gesf2
                0x08000ea8                __gtsf2
                0x08000eb0                __lesf2
                0x08000eb0                __ltsf2
                0x08000eb8                __nesf2
                0x08000eb8                __eqsf2
                0x08000eb8                __cmpsf2
                0x08000f18                __aeabi_cfrcmple
                0x08000f20                __aeabi_cfcmpeq
                0x08000f20                __aeabi_cfcmple
                0x08000f30                __aeabi_fcmpeq
                0x08000f44                __aeabi_fcmplt
                0x08000f58                __aeabi_fcmple
                0x08000f6c                __aeabi_fcmpge
                0x08000f80                __aeabi_fcmpgt
 .text          0x08000f94       0x40 C:/ST/STM32CubeIDE_1.13.1/STM32CubeIDE/plugins/com.st.stm32cube.ide.mcu.externaltools.gnu-tools-for-stm32.12.3.rel1.win32_1.1.0.202410251130/tools/bin/../lib/gcc/arm-none-eabi/12.3.1/thumb/v7-m/nofp\libgcc.a(_arm_fixunssfsi.o)
                0x08000f94                __fixunssfsi
                0x08000f94                __aeabi_f2uiz
 *(.text*)
 .text.ACC_Start
                0x08000fd4       0x3c ./App/Src/acc.o
                0x08000fd4                ACC_Start
 .text.ACC_EmergencyStop
                0x08001010       0x1c ./App/Src/acc.o
                0x08001010                ACC_EmergencyStop
 .text.ACC_GetCurrentSpeed
                0x0800102c       0x3e ./App/Src/acc.o
                0x0800102c                ACC_GetCurrentSpeed
 .text.ACC_GetFrontDistance
                0x0800106a       0x1c ./App/Src/acc.o
                0x0800106a                ACC_GetFrontDistance
 *fill*         0x08001086        0x2 
 .text.ACC_Update
                0x08001088      0x354 ./App/Src/acc.o
                0x08001088                ACC_Update
 .text.ACC_SetSpeedPercentage
                0x080013dc       0x7e ./App/Src/acc.o
                0x080013dc                ACC_SetSpeedPercentage
 *fill*         0x0800145a        0x2 
 .text.ACC_AdjustSteering
                0x0800145c       0xf4 ./App/Src/acc.o
                0x0800145c                ACC_AdjustSteering
 .text.ACC_DisableReverse
                0x08001550       0x7a ./App/Src/acc.o
                0x08001550                ACC_DisableReverse
 .text.ACC_EnableReverse
                0x080015ca       0x1a ./App/Src/acc.o
                0x080015ca                ACC_EnableReverse
 .text.main     0x080015e4       0x7c ./Core/Src/main.o
                0x080015e4                main
 .text.Trigger_Ultrasonic_Measurements
                0x08001660       0x78 ./Core/Src/main.o
                0x08001660                Trigger_Ultrasonic_Measurements
 .text.Process_Obstacle_Detection
                0x080016d8      0x12c ./Core/Src/main.o
                0x080016d8                Process_Obstacle_Detection
 .text.Evaluate_Distance
                0x08001804       0x4c ./Core/Src/main.o
                0x08001804                Evaluate_Distance
 .text.Generic_Ultrasonic_Callback
                0x08001850      0x110 ./Core/Src/main.o
 .text.Front_Ultrasonic_Callback
                0x08001960       0x14 ./Core/Src/main.o
                0x08001960                Front_Ultrasonic_Callback
 .text.Rear_Ultrasonic_Callback
                0x08001974       0x14 ./Core/Src/main.o
                0x08001974                Rear_Ultrasonic_Callback
 .text.Left_Ultrasonic_Callback
                0x08001988       0x14 ./Core/Src/main.o
                0x08001988                Left_Ultrasonic_Callback
 .text.Right_Ultrasonic_Callback
                0x0800199c       0x14 ./Core/Src/main.o
                0x0800199c                Right_Ultrasonic_Callback
 .text.Timer_Init
                0x080019b0       0x6c ./Core/Src/main.o
                0x080019b0                Timer_Init
 .text.System_Timer_Callback
                0x08001a1c       0x18 ./Core/Src/main.o
                0x08001a1c                System_Timer_Callback
 .text.Speed_Timer_Callback
                0x08001a34       0xa0 ./Core/Src/main.o
                0x08001a34                Speed_Timer_Callback
 .text.SystemClock_Config
                0x08001ad4       0xc0 ./Core/Src/main.o
                0x08001ad4                SystemClock_Config
 .text.Initialize_Sensors
                0x08001b94      0x1f8 ./Core/Src/main.o
                0x08001b94                Initialize_Sensors
 .text.Initialize_Motors
                0x08001d8c       0xf4 ./Core/Src/main.o
                0x08001d8c                Initialize_Motors
 .text.Initialize_ACC
                0x08001e80       0x74 ./Core/Src/main.o
                0x08001e80                Initialize_ACC
 .text.HAL_MOTOR_Init
                0x08001ef4       0x28 ./HAL/Src/motor.o
                0x08001ef4                HAL_MOTOR_Init
 .text.HAL_MOTOR_Config
                0x08001f1c      0x110 ./HAL/Src/motor.o
                0x08001f1c                HAL_MOTOR_Config
 .text.HAL_MOTOR_SetDirection
                0x0800202c       0x1c ./HAL/Src/motor.o
                0x0800202c                HAL_MOTOR_SetDirection
 .text.HAL_MOTOR_SetSpeed
                0x08002048       0x26 ./HAL/Src/motor.o
                0x08002048                HAL_MOTOR_SetSpeed
 .text.HAL_MOTOR_Enable
                0x0800206e       0x1c ./HAL/Src/motor.o
                0x0800206e                HAL_MOTOR_Enable
 .text.HAL_MOTOR_Update
                0x0800208a       0xe8 ./HAL/Src/motor.o
                0x0800208a                HAL_MOTOR_Update
 *fill*         0x08002172        0x2 
 .text.HAL_MOTOR_StopAll
                0x08002174       0x50 ./HAL/Src/motor.o
                0x08002174                HAL_MOTOR_StopAll
 *fill*         0x080021c4        0x4 
 .text.Speed_Sensor_Pulse_Callback
                0x080021c8      0x130 ./HAL/Src/speed_sensor.o
 .text.HAL_SPEED_SENSOR_Init
                0x080022f8       0xe0 ./HAL/Src/speed_sensor.o
                0x080022f8                HAL_SPEED_SENSOR_Init
 .text.HAL_SPEED_SENSOR_GetSpeed
                0x080023d8       0x38 ./HAL/Src/speed_sensor.o
                0x080023d8                HAL_SPEED_SENSOR_GetSpeed
 .text.HAL_SPEED_SENSOR_Update
                0x08002410       0x3c ./HAL/Src/speed_sensor.o
                0x08002410                HAL_SPEED_SENSOR_Update
 .text.HAL_ULTRASONIC_Init
                0x0800244c       0xa0 ./HAL/Src/ultrasonic.o
                0x0800244c                HAL_ULTRASONIC_Init
 .text.HAL_ULTRASONIC_StartMeasurement
                0x080024ec       0xcc ./HAL/Src/ultrasonic.o
                0x080024ec                HAL_ULTRASONIC_StartMeasurement
 .text.HAL_ULTRASONIC_GetDistance
                0x080025b8       0x6e ./HAL/Src/ultrasonic.o
                0x080025b8                HAL_ULTRASONIC_GetDistance
 *fill*         0x08002626        0x2 
 .text.NVIC__EXTI_IRQ_ENABLE
                0x08002628      0x138 ./MCAL/Scr/stm32_F103C8T6_EXTI_driver.o
                0x08002628                NVIC__EXTI_IRQ_ENABLE
 .text.NVIC__EXTI_IRQ_DISABLE
                0x08002760      0x138 ./MCAL/Scr/stm32_F103C8T6_EXTI_driver.o
                0x08002760                NVIC__EXTI_IRQ_DISABLE
 .text.MCAL_EXTI_Init
                0x08002898      0x1b8 ./MCAL/Scr/stm32_F103C8T6_EXTI_driver.o
                0x08002898                MCAL_EXTI_Init
 .text.EXTI0_IRQHandler
                0x08002a50       0x24 ./MCAL/Scr/stm32_F103C8T6_EXTI_driver.o
                0x08002a50                EXTI0_IRQHandler
 .text.EXTI1_IRQHandler
                0x08002a74       0x24 ./MCAL/Scr/stm32_F103C8T6_EXTI_driver.o
                0x08002a74                EXTI1_IRQHandler
 .text.EXTI2_IRQHandler
                0x08002a98       0x24 ./MCAL/Scr/stm32_F103C8T6_EXTI_driver.o
                0x08002a98                EXTI2_IRQHandler
 .text.EXTI3_IRQHandler
                0x08002abc       0x24 ./MCAL/Scr/stm32_F103C8T6_EXTI_driver.o
                0x08002abc                EXTI3_IRQHandler
 .text.EXTI4_IRQHandler
                0x08002ae0       0x24 ./MCAL/Scr/stm32_F103C8T6_EXTI_driver.o
                0x08002ae0                EXTI4_IRQHandler
 .text.EXTI9_5_IRQHandler
                0x08002b04       0xa8 ./MCAL/Scr/stm32_F103C8T6_EXTI_driver.o
                0x08002b04                EXTI9_5_IRQHandler
 .text.EXTI15_10_IRQHandler
                0x08002bac       0xc4 ./MCAL/Scr/stm32_F103C8T6_EXTI_driver.o
                0x08002bac                EXTI15_10_IRQHandler
 .text.MCAL_GPIO_Enable_Clock
                0x08002c70       0x7c ./MCAL/Scr/stm32_F103C8T6_gpio_driver.o
                0x08002c70                MCAL_GPIO_Enable_Clock
 .text.Get_Pos_CRLH
                0x08002cec      0x170 ./MCAL/Scr/stm32_F103C8T6_gpio_driver.o
                0x08002cec                Get_Pos_CRLH
 .text.MCAL_GPIO_Init
                0x08002e5c      0x148 ./MCAL/Scr/stm32_F103C8T6_gpio_driver.o
                0x08002e5c                MCAL_GPIO_Init
 .text.MCAL_GPIO_ReadPin
                0x08002fa4       0x28 ./MCAL/Scr/stm32_F103C8T6_gpio_driver.o
                0x08002fa4                MCAL_GPIO_ReadPin
 .text.MCAL_GPIO_WritePin
                0x08002fcc       0x30 ./MCAL/Scr/stm32_F103C8T6_gpio_driver.o
                0x08002fcc                MCAL_GPIO_WritePin
 .text.MCAL_GPIO_TogglePin
                0x08002ffc       0x22 ./MCAL/Scr/stm32_F103C8T6_gpio_driver.o
                0x08002ffc                MCAL_GPIO_TogglePin
 *fill*         0x0800301e        0x2 
 .text.TIM_EnableClock
                0x08003020       0x78 ./MCAL/Scr/stm32_F103C8T6_timer_driver.o
 .text.TIM_GetIndex
                0x08003098       0x50 ./MCAL/Scr/stm32_F103C8T6_timer_driver.o
 .text.MCAL_TIM_Base_Init
                0x080030e8       0x74 ./MCAL/Scr/stm32_F103C8T6_timer_driver.o
                0x080030e8                MCAL_TIM_Base_Init
 .text.MCAL_TIM_Base_Start
                0x0800315c       0x1e ./MCAL/Scr/stm32_F103C8T6_timer_driver.o
                0x0800315c                MCAL_TIM_Base_Start
 .text.MCAL_TIM_Base_SetCounter
                0x0800317a       0x1a ./MCAL/Scr/stm32_F103C8T6_timer_driver.o
                0x0800317a                MCAL_TIM_Base_SetCounter
 .text.MCAL_TIM_Base_GetCounter
                0x08003194       0x16 ./MCAL/Scr/stm32_F103C8T6_timer_driver.o
                0x08003194                MCAL_TIM_Base_GetCounter
 *fill*         0x080031aa        0x2 
 .text.MCAL_TIM_PWM_Init
                0x080031ac      0x2bc ./MCAL/Scr/stm32_F103C8T6_timer_driver.o
                0x080031ac                MCAL_TIM_PWM_Init
 .text.MCAL_TIM_PWM_Start
                0x08003468       0x38 ./MCAL/Scr/stm32_F103C8T6_timer_driver.o
                0x08003468                MCAL_TIM_PWM_Start
 .text.MCAL_TIM_PWM_SetDutyCycle
                0x080034a0       0x98 ./MCAL/Scr/stm32_F103C8T6_timer_driver.o
                0x080034a0                MCAL_TIM_PWM_SetDutyCycle
 .text.MCAL_TIM_EnableIT
                0x08003538       0xa8 ./MCAL/Scr/stm32_F103C8T6_timer_driver.o
                0x08003538                MCAL_TIM_EnableIT
 .text.MCAL_TIM_SetUpdateCallback
                0x080035e0       0x2c ./MCAL/Scr/stm32_F103C8T6_timer_driver.o
                0x080035e0                MCAL_TIM_SetUpdateCallback
 .text.TIM1_UP_IRQHandler
                0x0800360c       0x38 ./MCAL/Scr/stm32_F103C8T6_timer_driver.o
                0x0800360c                TIM1_UP_IRQHandler
 .text.TIM1_CC_IRQHandler
                0x08003644       0xa8 ./MCAL/Scr/stm32_F103C8T6_timer_driver.o
                0x08003644                TIM1_CC_IRQHandler
 .text.TIM2_IRQHandler
                0x080036ec       0xec ./MCAL/Scr/stm32_F103C8T6_timer_driver.o
                0x080036ec                TIM2_IRQHandler
 .text.TIM3_IRQHandler
                0x080037d8       0xd4 ./MCAL/Scr/stm32_F103C8T6_timer_driver.o
                0x080037d8                TIM3_IRQHandler
 .text.TIM4_IRQHandler
                0x080038ac       0xd4 ./MCAL/Scr/stm32_F103C8T6_timer_driver.o
                0x080038ac                TIM4_IRQHandler
 .text.Reset_Handler
                0x08003980       0x50 ./Startup/startup_stm32f103c8tx.o
                0x08003980                Reset_Handler
 .text.Default_Handler
                0x080039d0        0x2 ./Startup/startup_stm32f103c8tx.o
                0x080039d0                TIM8_TRG_COM_IRQHandler
                0x080039d0                TIM8_CC_IRQHandler
                0x080039d0                DebugMon_Handler
                0x080039d0                HardFault_Handler
                0x080039d0                TIM6_IRQHandler
                0x080039d0                SysTick_Handler
                0x080039d0                PVD_IRQHandler
                0x080039d0                SDIO_IRQHandler
                0x080039d0                PendSV_Handler
                0x080039d0                NMI_Handler
                0x080039d0                USB_HP_CAN_TX_IRQHandler
                0x080039d0                I2C2_EV_IRQHandler
                0x080039d0                UsageFault_Handler
                0x080039d0                ADC1_2_IRQHandler
                0x080039d0                SPI1_IRQHandler
                0x080039d0                CAN_SCE_IRQHandler
                0x080039d0                TAMPER_IRQHandler
                0x080039d0                TIM8_UP_IRQHandler
                0x080039d0                DMA2_Channel2_IRQHandler
                0x080039d0                DMA1_Channel4_IRQHandler
                0x080039d0                USART3_IRQHandler
                0x080039d0                RTC_IRQHandler
                0x080039d0                DMA1_Channel7_IRQHandler
                0x080039d0                UART5_IRQHandler
                0x080039d0                ADC3_IRQHandler
                0x080039d0                CAN_RX1_IRQHandler
                0x080039d0                DMA2_Channel1_IRQHandler
                0x080039d0                I2C1_EV_IRQHandler
                0x080039d0                DMA1_Channel6_IRQHandler
                0x080039d0                UART4_IRQHandler
                0x080039d0                RCC_IRQHandler
                0x080039d0                TIM1_TRG_COM_IRQHandler
                0x080039d0                DMA1_Channel1_IRQHandler
                0x080039d0                Default_Handler
                0x080039d0                TIM7_IRQHandler
                0x080039d0                TIM5_IRQHandler
                0x080039d0                SPI2_IRQHandler
                0x080039d0                USB_LP_CAN_RX0_IRQHandler
                0x080039d0                MemManage_Handler
                0x080039d0                SVC_Handler
                0x080039d0                DMA1_Channel5_IRQHandler
                0x080039d0                DMA1_Channel3_IRQHandler
                0x080039d0                FSMC_IRQHandler
                0x080039d0                WWDG_IRQHandler
                0x080039d0                TIM1_BRK_IRQHandler
                0x080039d0                RTCAlarm_IRQHandler
                0x080039d0                DMA2_Channel4_5_IRQHandler
                0x080039d0                USART2_IRQHandler
                0x080039d0                I2C2_ER_IRQHandler
                0x080039d0                DMA1_Channel2_IRQHandler
                0x080039d0                TIM8_BRK_IRQHandler
                0x080039d0                FLASH_IRQHandler
                0x080039d0                BusFault_Handler
                0x080039d0                USART1_IRQHandler
                0x080039d0                SPI3_IRQHandler
                0x080039d0                I2C1_ER_IRQHandler
                0x080039d0                DMA2_Channel3_IRQHandler
 *fill*         0x080039d2        0x2 
 .text.__libc_init_array
                0x080039d4       0x48 C:/ST/STM32CubeIDE_1.13.1/STM32CubeIDE/plugins/com.st.stm32cube.ide.mcu.externaltools.gnu-tools-for-stm32.12.3.rel1.win32_1.1.0.202410251130/tools/bin/../lib/gcc/arm-none-eabi/12.3.1/../../../../arm-none-eabi/lib/thumb/v7-m/nofp\libc_nano.a(libc_a-init.o)
                0x080039d4                __libc_init_array
 *(.glue_7)
 .glue_7        0x08003a1c        0x0 linker stubs
 *(.glue_7t)
 .glue_7t       0x08003a1c        0x0 linker stubs
 *(.eh_frame)
 .eh_frame      0x08003a1c        0x0 C:/ST/STM32CubeIDE_1.13.1/STM32CubeIDE/plugins/com.st.stm32cube.ide.mcu.externaltools.gnu-tools-for-stm32.12.3.rel1.win32_1.1.0.202410251130/tools/bin/../lib/gcc/arm-none-eabi/12.3.1/thumb/v7-m/nofp/crtbegin.o
 *(.init)
 .init          0x08003a1c        0x4 C:/ST/STM32CubeIDE_1.13.1/STM32CubeIDE/plugins/com.st.stm32cube.ide.mcu.externaltools.gnu-tools-for-stm32.12.3.rel1.win32_1.1.0.202410251130/tools/bin/../lib/gcc/arm-none-eabi/12.3.1/thumb/v7-m/nofp/crti.o
                0x08003a1c                _init
 .init          0x08003a20        0x8 C:/ST/STM32CubeIDE_1.13.1/STM32CubeIDE/plugins/com.st.stm32cube.ide.mcu.externaltools.gnu-tools-for-stm32.12.3.rel1.win32_1.1.0.202410251130/tools/bin/../lib/gcc/arm-none-eabi/12.3.1/thumb/v7-m/nofp/crtn.o
 *(.fini)
 .fini          0x08003a28        0x4 C:/ST/STM32CubeIDE_1.13.1/STM32CubeIDE/plugins/com.st.stm32cube.ide.mcu.externaltools.gnu-tools-for-stm32.12.3.rel1.win32_1.1.0.202410251130/tools/bin/../lib/gcc/arm-none-eabi/12.3.1/thumb/v7-m/nofp/crti.o
                0x08003a28                _fini
 .fini          0x08003a2c        0x8 C:/ST/STM32CubeIDE_1.13.1/STM32CubeIDE/plugins/com.st.stm32cube.ide.mcu.externaltools.gnu-tools-for-stm32.12.3.rel1.win32_1.1.0.202410251130/tools/bin/../lib/gcc/arm-none-eabi/12.3.1/thumb/v7-m/nofp/crtn.o
                0x08003a34                        . = ALIGN (0x4)
                0x08003a34                        _etext = .

.vfp11_veneer   0x08003a34        0x0
 .vfp11_veneer  0x08003a34        0x0 linker stubs

.v4_bx          0x08003a34        0x0
 .v4_bx         0x08003a34        0x0 linker stubs

.iplt           0x08003a34        0x0
 .iplt          0x08003a34        0x0 C:/ST/STM32CubeIDE_1.13.1/STM32CubeIDE/plugins/com.st.stm32cube.ide.mcu.externaltools.gnu-tools-for-stm32.12.3.rel1.win32_1.1.0.202410251130/tools/bin/../lib/gcc/arm-none-eabi/12.3.1/thumb/v7-m/nofp/crtbegin.o

.rodata         0x08003a34       0x84
                0x08003a34                        . = ALIGN (0x4)
 *(.rodata)
 .rodata        0x08003a34       0x84 ./Core/Src/main.o
 *(.rodata*)
                0x08003ab8                        . = ALIGN (0x4)

.ARM.extab      0x08003ab8        0x0
                0x08003ab8                        . = ALIGN (0x4)
 *(.ARM.extab* .gnu.linkonce.armextab.*)
                0x08003ab8                        . = ALIGN (0x4)

.ARM            0x08003ab8        0x0
                0x08003ab8                        . = ALIGN (0x4)
                0x08003ab8                        __exidx_start = .
 *(.ARM.exidx*)
                0x08003ab8                        __exidx_end = .
                0x08003ab8                        . = ALIGN (0x4)

.preinit_array  0x08003ab8        0x0
                0x08003ab8                        . = ALIGN (0x4)
                0x08003ab8                        PROVIDE (__preinit_array_start = .)
 *(.preinit_array*)
                0x08003ab8                        PROVIDE (__preinit_array_end = .)
                0x08003ab8                        . = ALIGN (0x4)

.init_array     0x08003ab8        0x4
                0x08003ab8                        . = ALIGN (0x4)
                0x08003ab8                        PROVIDE (__init_array_start = .)
 *(SORT_BY_NAME(.init_array.*))
 *(.init_array*)
 .init_array    0x08003ab8        0x4 C:/ST/STM32CubeIDE_1.13.1/STM32CubeIDE/plugins/com.st.stm32cube.ide.mcu.externaltools.gnu-tools-for-stm32.12.3.rel1.win32_1.1.0.202410251130/tools/bin/../lib/gcc/arm-none-eabi/12.3.1/thumb/v7-m/nofp/crtbegin.o
                0x08003abc                        PROVIDE (__init_array_end = .)
                0x08003abc                        . = ALIGN (0x4)

.fini_array     0x08003abc        0x4
                0x08003abc                        . = ALIGN (0x4)
                [!provide]                        PROVIDE (__fini_array_start = .)
 *(SORT_BY_NAME(.fini_array.*))
 *(.fini_array*)
 .fini_array    0x08003abc        0x4 C:/ST/STM32CubeIDE_1.13.1/STM32CubeIDE/plugins/com.st.stm32cube.ide.mcu.externaltools.gnu-tools-for-stm32.12.3.rel1.win32_1.1.0.202410251130/tools/bin/../lib/gcc/arm-none-eabi/12.3.1/thumb/v7-m/nofp/crtbegin.o
                [!provide]                        PROVIDE (__fini_array_end = .)
                0x08003ac0                        . = ALIGN (0x4)
                0x08003ac0                        _sidata = LOADADDR (.data)

.rel.dyn        0x08003ac0        0x0
 .rel.iplt      0x08003ac0        0x0 C:/ST/STM32CubeIDE_1.13.1/STM32CubeIDE/plugins/com.st.stm32cube.ide.mcu.externaltools.gnu-tools-for-stm32.12.3.rel1.win32_1.1.0.202410251130/tools/bin/../lib/gcc/arm-none-eabi/12.3.1/thumb/v7-m/nofp/crtbegin.o

.data           0x20000000       0x30 load address 0x08003ac0
                0x20000000                        . = ALIGN (0x4)
                0x20000000                        _sdata = .
 *(.data)
 *(.data*)
 .data.PWM_Timer_Config
                0x20000000       0x10 ./HAL/Src/motor.o
 .data.Speed_Timer_Config
                0x20000010       0x10 ./HAL/Src/speed_sensor.o
 .data.US_Timer_Config
                0x20000020       0x10 ./HAL/Src/ultrasonic.o
 *(.RamFunc)
 *(.RamFunc*)
                0x20000030                        . = ALIGN (0x4)
                0x20000030                        _edata = .

.igot.plt       0x20000030        0x0 load address 0x08003af0
 .igot.plt      0x20000030        0x0 C:/ST/STM32CubeIDE_1.13.1/STM32CubeIDE/plugins/com.st.stm32cube.ide.mcu.externaltools.gnu-tools-for-stm32.12.3.rel1.win32_1.1.0.202410251130/tools/bin/../lib/gcc/arm-none-eabi/12.3.1/thumb/v7-m/nofp/crtbegin.o
                0x20000030                        . = ALIGN (0x4)

.bss            0x20000030      0x320 load address 0x08003af0
                0x20000030                        _sbss = .
                0x20000030                        __bss_start__ = _sbss
 *(.bss)
 .bss           0x20000030       0x1c C:/ST/STM32CubeIDE_1.13.1/STM32CubeIDE/plugins/com.st.stm32cube.ide.mcu.externaltools.gnu-tools-for-stm32.12.3.rel1.win32_1.1.0.202410251130/tools/bin/../lib/gcc/arm-none-eabi/12.3.1/thumb/v7-m/nofp/crtbegin.o
 *(.bss*)
 .bss.frontUltrasonic
                0x2000004c       0x38 ./Core/Src/main.o
                0x2000004c                frontUltrasonic
 .bss.rearUltrasonic
                0x20000084       0x38 ./Core/Src/main.o
                0x20000084                rearUltrasonic
 .bss.leftUltrasonic
                0x200000bc       0x38 ./Core/Src/main.o
                0x200000bc                leftUltrasonic
 .bss.rightUltrasonic
                0x200000f4       0x38 ./Core/Src/main.o
                0x200000f4                rightUltrasonic
 .bss.leftSpeedSensor
                0x2000012c       0x2c ./Core/Src/main.o
                0x2000012c                leftSpeedSensor
 .bss.rightSpeedSensor
                0x20000158       0x2c ./Core/Src/main.o
                0x20000158                rightSpeedSensor
 .bss.leftPulseCount
                0x20000184        0x4 ./Core/Src/main.o
                0x20000184                leftPulseCount
 .bss.rightPulseCount
                0x20000188        0x4 ./Core/Src/main.o
                0x20000188                rightPulseCount
 .bss.frontLeftMotor
                0x2000018c       0x1c ./Core/Src/main.o
                0x2000018c                frontLeftMotor
 .bss.frontRightMotor
                0x200001a8       0x1c ./Core/Src/main.o
                0x200001a8                frontRightMotor
 .bss.rearLeftMotor
                0x200001c4       0x1c ./Core/Src/main.o
                0x200001c4                rearLeftMotor
 .bss.rearRightMotor
                0x200001e0       0x1c ./Core/Src/main.o
                0x200001e0                rearRightMotor
 .bss.acc       0x200001fc       0x50 ./Core/Src/main.o
                0x200001fc                acc
 .bss.timer_flag
                0x2000024c        0x1 ./Core/Src/main.o
                0x2000024c                timer_flag
 *fill*         0x2000024d        0x3 
 .bss.obstacleState
                0x20000250        0x4 ./Core/Src/main.o
                0x20000250                obstacleState
 .bss.Motors    0x20000254       0x10 ./HAL/Src/motor.o
 .bss.SpeedSensorInstances
                0x20000264        0x8 ./HAL/Src/speed_sensor.o
 .bss.timerInitialized.0
                0x2000026c        0x1 ./HAL/Src/speed_sensor.o
 .bss.timerInitialized.0
                0x2000026d        0x1 ./HAL/Src/ultrasonic.o
 *fill*         0x2000026e        0x2 
 .bss.GP_FuncCallBack
                0x20000270       0x40 ./MCAL/Scr/stm32_F103C8T6_EXTI_driver.o
                0x20000270                GP_FuncCallBack
 .bss.TIM_UpdateCallbacks
                0x200002b0       0x20 ./MCAL/Scr/stm32_F103C8T6_timer_driver.o
 .bss.TIM_CaptureCompareCallbacks
                0x200002d0       0x80 ./MCAL/Scr/stm32_F103C8T6_timer_driver.o
 *(COMMON)
                0x20000350                        . = ALIGN (0x4)
                0x20000350                        _ebss = .
                0x20000350                        __bss_end__ = _ebss

._user_heap_stack
                0x20000350      0x600 load address 0x08003af0
                0x20000350                        . = ALIGN (0x8)
                [!provide]                        PROVIDE (end = .)
                0x20000350                        PROVIDE (_end = .)
                0x20000550                        . = (. + _Min_Heap_Size)
 *fill*         0x20000350      0x200 
                0x20000950                        . = (. + _Min_Stack_Size)
 *fill*         0x20000550      0x400 
                0x20000950                        . = ALIGN (0x8)

/DISCARD/
 libc.a(*)
 libm.a(*)
 libgcc.a(*)

.ARM.attributes
                0x00000000       0x29
 *(.ARM.attributes)
 .ARM.attributes
                0x00000000       0x1d C:/ST/STM32CubeIDE_1.13.1/STM32CubeIDE/plugins/com.st.stm32cube.ide.mcu.externaltools.gnu-tools-for-stm32.12.3.rel1.win32_1.1.0.202410251130/tools/bin/../lib/gcc/arm-none-eabi/12.3.1/thumb/v7-m/nofp/crti.o
 .ARM.attributes
                0x0000001d       0x2d C:/ST/STM32CubeIDE_1.13.1/STM32CubeIDE/plugins/com.st.stm32cube.ide.mcu.externaltools.gnu-tools-for-stm32.12.3.rel1.win32_1.1.0.202410251130/tools/bin/../lib/gcc/arm-none-eabi/12.3.1/thumb/v7-m/nofp/crtbegin.o
 .ARM.attributes
                0x0000004a       0x2d ./App/Src/acc.o
 .ARM.attributes
                0x00000077       0x2d ./Core/Src/main.o
 .ARM.attributes
                0x000000a4       0x2d ./HAL/Src/motor.o
 .ARM.attributes
                0x000000d1       0x2d ./HAL/Src/speed_sensor.o
 .ARM.attributes
                0x000000fe       0x2d ./HAL/Src/ultrasonic.o
 .ARM.attributes
                0x0000012b       0x2d ./MCAL/Scr/stm32_F103C8T6_EXTI_driver.o
 .ARM.attributes
                0x00000158       0x2d ./MCAL/Scr/stm32_F103C8T6_gpio_driver.o
 .ARM.attributes
                0x00000185       0x2d ./MCAL/Scr/stm32_F103C8T6_timer_driver.o
 .ARM.attributes
                0x000001b2       0x21 ./Startup/startup_stm32f103c8tx.o
 .ARM.attributes
                0x000001d3       0x2d C:/ST/STM32CubeIDE_1.13.1/STM32CubeIDE/plugins/com.st.stm32cube.ide.mcu.externaltools.gnu-tools-for-stm32.12.3.rel1.win32_1.1.0.202410251130/tools/bin/../lib/gcc/arm-none-eabi/12.3.1/../../../../arm-none-eabi/lib/thumb/v7-m/nofp\libc_nano.a(libc_a-init.o)
 .ARM.attributes
                0x00000200       0x1d C:/ST/STM32CubeIDE_1.13.1/STM32CubeIDE/plugins/com.st.stm32cube.ide.mcu.externaltools.gnu-tools-for-stm32.12.3.rel1.win32_1.1.0.202410251130/tools/bin/../lib/gcc/arm-none-eabi/12.3.1/thumb/v7-m/nofp\libgcc.a(_arm_addsubdf3.o)
 .ARM.attributes
                0x0000021d       0x1d C:/ST/STM32CubeIDE_1.13.1/STM32CubeIDE/plugins/com.st.stm32cube.ide.mcu.externaltools.gnu-tools-for-stm32.12.3.rel1.win32_1.1.0.202410251130/tools/bin/../lib/gcc/arm-none-eabi/12.3.1/thumb/v7-m/nofp\libgcc.a(_arm_muldivdf3.o)
 .ARM.attributes
                0x0000023a       0x1d C:/ST/STM32CubeIDE_1.13.1/STM32CubeIDE/plugins/com.st.stm32cube.ide.mcu.externaltools.gnu-tools-for-stm32.12.3.rel1.win32_1.1.0.202410251130/tools/bin/../lib/gcc/arm-none-eabi/12.3.1/thumb/v7-m/nofp\libgcc.a(_arm_fixunsdfsi.o)
 .ARM.attributes
                0x00000257       0x1d C:/ST/STM32CubeIDE_1.13.1/STM32CubeIDE/plugins/com.st.stm32cube.ide.mcu.externaltools.gnu-tools-for-stm32.12.3.rel1.win32_1.1.0.202410251130/tools/bin/../lib/gcc/arm-none-eabi/12.3.1/thumb/v7-m/nofp\libgcc.a(_arm_truncdfsf2.o)
 .ARM.attributes
                0x00000274       0x1d C:/ST/STM32CubeIDE_1.13.1/STM32CubeIDE/plugins/com.st.stm32cube.ide.mcu.externaltools.gnu-tools-for-stm32.12.3.rel1.win32_1.1.0.202410251130/tools/bin/../lib/gcc/arm-none-eabi/12.3.1/thumb/v7-m/nofp\libgcc.a(_arm_addsubsf3.o)
 .ARM.attributes
                0x00000291       0x1d C:/ST/STM32CubeIDE_1.13.1/STM32CubeIDE/plugins/com.st.stm32cube.ide.mcu.externaltools.gnu-tools-for-stm32.12.3.rel1.win32_1.1.0.202410251130/tools/bin/../lib/gcc/arm-none-eabi/12.3.1/thumb/v7-m/nofp\libgcc.a(_arm_muldivsf3.o)
 .ARM.attributes
                0x000002ae       0x1d C:/ST/STM32CubeIDE_1.13.1/STM32CubeIDE/plugins/com.st.stm32cube.ide.mcu.externaltools.gnu-tools-for-stm32.12.3.rel1.win32_1.1.0.202410251130/tools/bin/../lib/gcc/arm-none-eabi/12.3.1/thumb/v7-m/nofp\libgcc.a(_arm_cmpsf2.o)
 .ARM.attributes
                0x000002cb       0x1d C:/ST/STM32CubeIDE_1.13.1/STM32CubeIDE/plugins/com.st.stm32cube.ide.mcu.externaltools.gnu-tools-for-stm32.12.3.rel1.win32_1.1.0.202410251130/tools/bin/../lib/gcc/arm-none-eabi/12.3.1/thumb/v7-m/nofp\libgcc.a(_arm_fixunssfsi.o)
 .ARM.attributes
                0x000002e8       0x1d C:/ST/STM32CubeIDE_1.13.1/STM32CubeIDE/plugins/com.st.stm32cube.ide.mcu.externaltools.gnu-tools-for-stm32.12.3.rel1.win32_1.1.0.202410251130/tools/bin/../lib/gcc/arm-none-eabi/12.3.1/thumb/v7-m/nofp/crtn.o
OUTPUT(AdaptiveCruiseControl_1.3.elf elf32-littlearm)
LOAD linker stubs
LOAD C:/ST/STM32CubeIDE_1.13.1/STM32CubeIDE/plugins/com.st.stm32cube.ide.mcu.externaltools.gnu-tools-for-stm32.12.3.rel1.win32_1.1.0.202410251130/tools/bin/../lib/gcc/arm-none-eabi/12.3.1/../../../../arm-none-eabi/lib/thumb/v7-m/nofp\libc.a
LOAD C:/ST/STM32CubeIDE_1.13.1/STM32CubeIDE/plugins/com.st.stm32cube.ide.mcu.externaltools.gnu-tools-for-stm32.12.3.rel1.win32_1.1.0.202410251130/tools/bin/../lib/gcc/arm-none-eabi/12.3.1/../../../../arm-none-eabi/lib/thumb/v7-m/nofp\libm.a
LOAD C:/ST/STM32CubeIDE_1.13.1/STM32CubeIDE/plugins/com.st.stm32cube.ide.mcu.externaltools.gnu-tools-for-stm32.12.3.rel1.win32_1.1.0.202410251130/tools/bin/../lib/gcc/arm-none-eabi/12.3.1/thumb/v7-m/nofp\libgcc.a

.debug_info     0x00000000     0x3ed3
 .debug_info    0x00000000      0xb76 ./App/Src/acc.o
 .debug_info    0x00000b76      0xdaf ./Core/Src/main.o
 .debug_info    0x00001925      0x69b ./HAL/Src/motor.o
 .debug_info    0x00001fc0      0x614 ./HAL/Src/speed_sensor.o
 .debug_info    0x000025d4      0x691 ./HAL/Src/ultrasonic.o
 .debug_info    0x00002c65      0x43c ./MCAL/Scr/stm32_F103C8T6_EXTI_driver.o
 .debug_info    0x000030a1      0x436 ./MCAL/Scr/stm32_F103C8T6_gpio_driver.o
 .debug_info    0x000034d7      0x9cc ./MCAL/Scr/stm32_F103C8T6_timer_driver.o
 .debug_info    0x00003ea3       0x30 ./Startup/startup_stm32f103c8tx.o

.debug_abbrev   0x00000000      0xea4
 .debug_abbrev  0x00000000      0x217 ./App/Src/acc.o
 .debug_abbrev  0x00000217      0x2b2 ./Core/Src/main.o
 .debug_abbrev  0x000004c9      0x185 ./HAL/Src/motor.o
 .debug_abbrev  0x0000064e      0x1b0 ./HAL/Src/speed_sensor.o
 .debug_abbrev  0x000007fe      0x18f ./HAL/Src/ultrasonic.o
 .debug_abbrev  0x0000098d      0x18c ./MCAL/Scr/stm32_F103C8T6_EXTI_driver.o
 .debug_abbrev  0x00000b19      0x16f ./MCAL/Scr/stm32_F103C8T6_gpio_driver.o
 .debug_abbrev  0x00000c88      0x1f8 ./MCAL/Scr/stm32_F103C8T6_timer_driver.o
 .debug_abbrev  0x00000e80       0x24 ./Startup/startup_stm32f103c8tx.o

.debug_aranges  0x00000000      0x430
 .debug_aranges
                0x00000000       0x98 ./App/Src/acc.o
 .debug_aranges
                0x00000098       0xa8 ./Core/Src/main.o
 .debug_aranges
                0x00000140       0x50 ./HAL/Src/motor.o
 .debug_aranges
                0x00000190       0x48 ./HAL/Src/speed_sensor.o
 .debug_aranges
                0x000001d8       0x48 ./HAL/Src/ultrasonic.o
 .debug_aranges
                0x00000220       0x70 ./MCAL/Scr/stm32_F103C8T6_EXTI_driver.o
 .debug_aranges
                0x00000290       0x70 ./MCAL/Scr/stm32_F103C8T6_gpio_driver.o
 .debug_aranges
                0x00000300      0x108 ./MCAL/Scr/stm32_F103C8T6_timer_driver.o
 .debug_aranges
                0x00000408       0x28 ./Startup/startup_stm32f103c8tx.o

.debug_rnglists
                0x00000000      0x319
 .debug_rnglists
                0x00000000       0x70 ./App/Src/acc.o
 .debug_rnglists
                0x00000070       0x7f ./Core/Src/main.o
 .debug_rnglists
                0x000000ef       0x39 ./HAL/Src/motor.o
 .debug_rnglists
                0x00000128       0x33 ./HAL/Src/speed_sensor.o
 .debug_rnglists
                0x0000015b       0x33 ./HAL/Src/ultrasonic.o
 .debug_rnglists
                0x0000018e       0x55 ./MCAL/Scr/stm32_F103C8T6_EXTI_driver.o
 .debug_rnglists
                0x000001e3       0x52 ./MCAL/Scr/stm32_F103C8T6_gpio_driver.o
 .debug_rnglists
                0x00000235       0xcb ./MCAL/Scr/stm32_F103C8T6_timer_driver.o
 .debug_rnglists
                0x00000300       0x19 ./Startup/startup_stm32f103c8tx.o

.debug_macro    0x00000000     0xff56
 .debug_macro   0x00000000      0x1ef ./App/Src/acc.o
 .debug_macro   0x000001ef      0xaae ./App/Src/acc.o
 .debug_macro   0x00000c9d       0x22 ./App/Src/acc.o
 .debug_macro   0x00000cbf       0x5b ./App/Src/acc.o
 .debug_macro   0x00000d1a       0x24 ./App/Src/acc.o
 .debug_macro   0x00000d3e       0x94 ./App/Src/acc.o
 .debug_macro   0x00000dd2       0x43 ./App/Src/acc.o
 .debug_macro   0x00000e15       0x34 ./App/Src/acc.o
 .debug_macro   0x00000e49       0x16 ./App/Src/acc.o
 .debug_macro   0x00000e5f       0x57 ./App/Src/acc.o
 .debug_macro   0x00000eb6       0x9e ./App/Src/acc.o
 .debug_macro   0x00000f54      0x369 ./App/Src/acc.o
 .debug_macro   0x000012bd      0x10b ./App/Src/acc.o
 .debug_macro   0x000013c8       0x10 ./App/Src/acc.o
 .debug_macro   0x000013d8       0x16 ./App/Src/acc.o
 .debug_macro   0x000013ee       0x43 ./App/Src/acc.o
 .debug_macro   0x00001431       0x34 ./App/Src/acc.o
 .debug_macro   0x00001465       0x10 ./App/Src/acc.o
 .debug_macro   0x00001475       0x58 ./App/Src/acc.o
 .debug_macro   0x000014cd       0x8e ./App/Src/acc.o
 .debug_macro   0x0000155b       0x1c ./App/Src/acc.o
 .debug_macro   0x00001577      0x177 ./App/Src/acc.o
 .debug_macro   0x000016ee       0x16 ./App/Src/acc.o
 .debug_macro   0x00001704       0x16 ./App/Src/acc.o
 .debug_macro   0x0000171a      0x146 ./App/Src/acc.o
 .debug_macro   0x00001860       0x16 ./App/Src/acc.o
 .debug_macro   0x00001876       0x35 ./App/Src/acc.o
 .debug_macro   0x000018ab       0x16 ./App/Src/acc.o
 .debug_macro   0x000018c1       0x29 ./App/Src/acc.o
 .debug_macro   0x000018ea      0x103 ./App/Src/acc.o
 .debug_macro   0x000019ed       0x6a ./App/Src/acc.o
 .debug_macro   0x00001a57      0x1df ./App/Src/acc.o
 .debug_macro   0x00001c36     0x657a ./App/Src/acc.o
 .debug_macro   0x000081b0       0xd6 ./App/Src/acc.o
 .debug_macro   0x00008286      0x10f ./App/Src/acc.o
 .debug_macro   0x00008395      0x22c ./App/Src/acc.o
 .debug_macro   0x000085c1      0x235 ./App/Src/acc.o
 .debug_macro   0x000087f6       0x28 ./App/Src/acc.o
 .debug_macro   0x0000881e       0x28 ./App/Src/acc.o
 .debug_macro   0x00008846       0x28 ./App/Src/acc.o
 .debug_macro   0x0000886e       0x34 ./App/Src/acc.o
 .debug_macro   0x000088a2      0x228 ./Core/Src/main.o
 .debug_macro   0x00008aca       0xd0 ./Core/Src/main.o
 .debug_macro   0x00008b9a      0x115 ./Core/Src/main.o
 .debug_macro   0x00008caf       0x16 ./Core/Src/main.o
 .debug_macro   0x00008cc5      0x23b ./Core/Src/main.o
 .debug_macro   0x00008f00       0x2e ./Core/Src/main.o
 .debug_macro   0x00008f2e       0x3a ./Core/Src/main.o
 .debug_macro   0x00008f68      0x1ce ./HAL/Src/motor.o
 .debug_macro   0x00009136     0x657a ./HAL/Src/motor.o
 .debug_macro   0x0000f6b0       0x22 ./HAL/Src/motor.o
 .debug_macro   0x0000f6d2      0x1ce ./HAL/Src/speed_sensor.o
 .debug_macro   0x0000f8a0       0x22 ./HAL/Src/speed_sensor.o
 .debug_macro   0x0000f8c2      0x1ce ./HAL/Src/ultrasonic.o
 .debug_macro   0x0000fa90      0x1a5 ./MCAL/Scr/stm32_F103C8T6_EXTI_driver.o
 .debug_macro   0x0000fc35      0x18c ./MCAL/Scr/stm32_F103C8T6_gpio_driver.o
 .debug_macro   0x0000fdc1      0x195 ./MCAL/Scr/stm32_F103C8T6_timer_driver.o

.debug_line     0x00000000     0x5490
 .debug_line    0x00000000      0xb0f ./App/Src/acc.o
 .debug_line    0x00000b0f      0xc2e ./Core/Src/main.o
 .debug_line    0x0000173d      0x834 ./HAL/Src/motor.o
 .debug_line    0x00001f71      0x88b ./HAL/Src/speed_sensor.o
 .debug_line    0x000027fc      0x85b ./HAL/Src/ultrasonic.o
 .debug_line    0x00003057      0xad5 ./MCAL/Scr/stm32_F103C8T6_EXTI_driver.o
 .debug_line    0x00003b2c      0x95a ./MCAL/Scr/stm32_F103C8T6_gpio_driver.o
 .debug_line    0x00004486      0xf8f ./MCAL/Scr/stm32_F103C8T6_timer_driver.o
 .debug_line    0x00005415       0x7b ./Startup/startup_stm32f103c8tx.o

.debug_str      0x00000000    0x2b453
 .debug_str     0x00000000    0x2a562 ./App/Src/acc.o
                              0x2a80d (size before relaxing)
 .debug_str     0x0002a562      0x647 ./Core/Src/main.o
                              0x2ac16 (size before relaxing)
 .debug_str     0x0002aba9      0x14f ./HAL/Src/motor.o
                              0x2a170 (size before relaxing)
 .debug_str     0x0002acf8      0x14b ./HAL/Src/speed_sensor.o
                              0x29f55 (size before relaxing)
 .debug_str     0x0002ae43       0xb7 ./HAL/Src/ultrasonic.o
                              0x29fb2 (size before relaxing)
 .debug_str     0x0002aefa      0x1e6 ./MCAL/Scr/stm32_F103C8T6_EXTI_driver.o
                              0x2875b (size before relaxing)
 .debug_str     0x0002b0e0       0xb3 ./MCAL/Scr/stm32_F103C8T6_gpio_driver.o
                              0x2738c (size before relaxing)
 .debug_str     0x0002b193      0x281 ./MCAL/Scr/stm32_F103C8T6_timer_driver.o
                              0x27af2 (size before relaxing)
 .debug_str     0x0002b414       0x3f ./Startup/startup_stm32f103c8tx.o
                                 0xa1 (size before relaxing)

.comment        0x00000000       0x43
 .comment       0x00000000       0x43 ./App/Src/acc.o
                                 0x44 (size before relaxing)
 .comment       0x00000043       0x44 ./Core/Src/main.o
 .comment       0x00000043       0x44 ./HAL/Src/motor.o
 .comment       0x00000043       0x44 ./HAL/Src/speed_sensor.o
 .comment       0x00000043       0x44 ./HAL/Src/ultrasonic.o
 .comment       0x00000043       0x44 ./MCAL/Scr/stm32_F103C8T6_EXTI_driver.o
 .comment       0x00000043       0x44 ./MCAL/Scr/stm32_F103C8T6_gpio_driver.o
 .comment       0x00000043       0x44 ./MCAL/Scr/stm32_F103C8T6_timer_driver.o

.debug_frame    0x00000000     0x1224
 .debug_frame   0x00000000      0x25c ./App/Src/acc.o
 .debug_frame   0x0000025c      0x25c ./Core/Src/main.o
 .debug_frame   0x000004b8      0x110 ./HAL/Src/motor.o
 .debug_frame   0x000005c8       0xf4 ./HAL/Src/speed_sensor.o
 .debug_frame   0x000006bc       0xec ./HAL/Src/ultrasonic.o
 .debug_frame   0x000007a8      0x168 ./MCAL/Scr/stm32_F103C8T6_EXTI_driver.o
 .debug_frame   0x00000910      0x1c8 ./MCAL/Scr/stm32_F103C8T6_gpio_driver.o
 .debug_frame   0x00000ad8      0x46c ./MCAL/Scr/stm32_F103C8T6_timer_driver.o
 .debug_frame   0x00000f44       0x2c C:/ST/STM32CubeIDE_1.13.1/STM32CubeIDE/plugins/com.st.stm32cube.ide.mcu.externaltools.gnu-tools-for-stm32.12.3.rel1.win32_1.1.0.202410251130/tools/bin/../lib/gcc/arm-none-eabi/12.3.1/../../../../arm-none-eabi/lib/thumb/v7-m/nofp\libc_nano.a(libc_a-init.o)
 .debug_frame   0x00000f70       0xac C:/ST/STM32CubeIDE_1.13.1/STM32CubeIDE/plugins/com.st.stm32cube.ide.mcu.externaltools.gnu-tools-for-stm32.12.3.rel1.win32_1.1.0.202410251130/tools/bin/../lib/gcc/arm-none-eabi/12.3.1/thumb/v7-m/nofp\libgcc.a(_arm_addsubdf3.o)
 .debug_frame   0x0000101c       0x50 C:/ST/STM32CubeIDE_1.13.1/STM32CubeIDE/plugins/com.st.stm32cube.ide.mcu.externaltools.gnu-tools-for-stm32.12.3.rel1.win32_1.1.0.202410251130/tools/bin/../lib/gcc/arm-none-eabi/12.3.1/thumb/v7-m/nofp\libgcc.a(_arm_muldivdf3.o)
 .debug_frame   0x0000106c       0x24 C:/ST/STM32CubeIDE_1.13.1/STM32CubeIDE/plugins/com.st.stm32cube.ide.mcu.externaltools.gnu-tools-for-stm32.12.3.rel1.win32_1.1.0.202410251130/tools/bin/../lib/gcc/arm-none-eabi/12.3.1/thumb/v7-m/nofp\libgcc.a(_arm_fixunsdfsi.o)
 .debug_frame   0x00001090       0x24 C:/ST/STM32CubeIDE_1.13.1/STM32CubeIDE/plugins/com.st.stm32cube.ide.mcu.externaltools.gnu-tools-for-stm32.12.3.rel1.win32_1.1.0.202410251130/tools/bin/../lib/gcc/arm-none-eabi/12.3.1/thumb/v7-m/nofp\libgcc.a(_arm_truncdfsf2.o)
 .debug_frame   0x000010b4       0x4c C:/ST/STM32CubeIDE_1.13.1/STM32CubeIDE/plugins/com.st.stm32cube.ide.mcu.externaltools.gnu-tools-for-stm32.12.3.rel1.win32_1.1.0.202410251130/tools/bin/../lib/gcc/arm-none-eabi/12.3.1/thumb/v7-m/nofp\libgcc.a(_arm_addsubsf3.o)
 .debug_frame   0x00001100       0x38 C:/ST/STM32CubeIDE_1.13.1/STM32CubeIDE/plugins/com.st.stm32cube.ide.mcu.externaltools.gnu-tools-for-stm32.12.3.rel1.win32_1.1.0.202410251130/tools/bin/../lib/gcc/arm-none-eabi/12.3.1/thumb/v7-m/nofp\libgcc.a(_arm_muldivsf3.o)
 .debug_frame   0x00001138       0xc8 C:/ST/STM32CubeIDE_1.13.1/STM32CubeIDE/plugins/com.st.stm32cube.ide.mcu.externaltools.gnu-tools-for-stm32.12.3.rel1.win32_1.1.0.202410251130/tools/bin/../lib/gcc/arm-none-eabi/12.3.1/thumb/v7-m/nofp\libgcc.a(_arm_cmpsf2.o)
 .debug_frame   0x00001200       0x24 C:/ST/STM32CubeIDE_1.13.1/STM32CubeIDE/plugins/com.st.stm32cube.ide.mcu.externaltools.gnu-tools-for-stm32.12.3.rel1.win32_1.1.0.202410251130/tools/bin/../lib/gcc/arm-none-eabi/12.3.1/thumb/v7-m/nofp\libgcc.a(_arm_fixunssfsi.o)

.debug_line_str
                0x00000000       0x85
 .debug_line_str
                0x00000000       0x85 ./Startup/startup_stm32f103c8tx.o
