Archive member included to satisfy reference by file (symbol)

C:/ST/STM32CubeIDE_1.13.1/STM32CubeIDE/plugins/com.st.stm32cube.ide.mcu.externaltools.gnu-tools-for-stm32.12.3.rel1.win32_1.1.0.202410251130/tools/bin/../lib/gcc/arm-none-eabi/12.3.1/../../../../arm-none-eabi/lib/thumb/v7-m/nofp\libc_nano.a(libc_a-exit.o)
                              C:/ST/STM32CubeIDE_1.13.1/STM32CubeIDE/plugins/com.st.stm32cube.ide.mcu.externaltools.gnu-tools-for-stm32.12.3.rel1.win32_1.1.0.202410251130/tools/bin/../lib/gcc/arm-none-eabi/12.3.1/../../../../arm-none-eabi/lib/thumb/v7-m/nofp/crt0.o (exit)
C:/ST/STM32CubeIDE_1.13.1/STM32CubeIDE/plugins/com.st.stm32cube.ide.mcu.externaltools.gnu-tools-for-stm32.12.3.rel1.win32_1.1.0.202410251130/tools/bin/../lib/gcc/arm-none-eabi/12.3.1/../../../../arm-none-eabi/lib/thumb/v7-m/nofp\libc_nano.a(libc_a-findfp.o)
                              C:/ST/STM32CubeIDE_1.13.1/STM32CubeIDE/plugins/com.st.stm32cube.ide.mcu.externaltools.gnu-tools-for-stm32.12.3.rel1.win32_1.1.0.202410251130/tools/bin/../lib/gcc/arm-none-eabi/12.3.1/../../../../arm-none-eabi/lib/thumb/v7-m/nofp\libc_nano.a(libc_a-exit.o) (__stdio_exit_handler)
C:/ST/STM32CubeIDE_1.13.1/STM32CubeIDE/plugins/com.st.stm32cube.ide.mcu.externaltools.gnu-tools-for-stm32.12.3.rel1.win32_1.1.0.202410251130/tools/bin/../lib/gcc/arm-none-eabi/12.3.1/../../../../arm-none-eabi/lib/thumb/v7-m/nofp\libc_nano.a(libc_a-fwalk.o)
                              C:/ST/STM32CubeIDE_1.13.1/STM32CubeIDE/plugins/com.st.stm32cube.ide.mcu.externaltools.gnu-tools-for-stm32.12.3.rel1.win32_1.1.0.202410251130/tools/bin/../lib/gcc/arm-none-eabi/12.3.1/../../../../arm-none-eabi/lib/thumb/v7-m/nofp\libc_nano.a(libc_a-findfp.o) (_fwalk_sglue)
C:/ST/STM32CubeIDE_1.13.1/STM32CubeIDE/plugins/com.st.stm32cube.ide.mcu.externaltools.gnu-tools-for-stm32.12.3.rel1.win32_1.1.0.202410251130/tools/bin/../lib/gcc/arm-none-eabi/12.3.1/../../../../arm-none-eabi/lib/thumb/v7-m/nofp\libc_nano.a(libc_a-stdio.o)
                              C:/ST/STM32CubeIDE_1.13.1/STM32CubeIDE/plugins/com.st.stm32cube.ide.mcu.externaltools.gnu-tools-for-stm32.12.3.rel1.win32_1.1.0.202410251130/tools/bin/../lib/gcc/arm-none-eabi/12.3.1/../../../../arm-none-eabi/lib/thumb/v7-m/nofp\libc_nano.a(libc_a-findfp.o) (__sread)
C:/ST/STM32CubeIDE_1.13.1/STM32CubeIDE/plugins/com.st.stm32cube.ide.mcu.externaltools.gnu-tools-for-stm32.12.3.rel1.win32_1.1.0.202410251130/tools/bin/../lib/gcc/arm-none-eabi/12.3.1/../../../../arm-none-eabi/lib/thumb/v7-m/nofp\libc_nano.a(libc_a-memset.o)
                              C:/ST/STM32CubeIDE_1.13.1/STM32CubeIDE/plugins/com.st.stm32cube.ide.mcu.externaltools.gnu-tools-for-stm32.12.3.rel1.win32_1.1.0.202410251130/tools/bin/../lib/gcc/arm-none-eabi/12.3.1/../../../../arm-none-eabi/lib/thumb/v7-m/nofp/crt0.o (memset)
C:/ST/STM32CubeIDE_1.13.1/STM32CubeIDE/plugins/com.st.stm32cube.ide.mcu.externaltools.gnu-tools-for-stm32.12.3.rel1.win32_1.1.0.202410251130/tools/bin/../lib/gcc/arm-none-eabi/12.3.1/../../../../arm-none-eabi/lib/thumb/v7-m/nofp\libc_nano.a(libc_a-closer.o)
                              C:/ST/STM32CubeIDE_1.13.1/STM32CubeIDE/plugins/com.st.stm32cube.ide.mcu.externaltools.gnu-tools-for-stm32.12.3.rel1.win32_1.1.0.202410251130/tools/bin/../lib/gcc/arm-none-eabi/12.3.1/../../../../arm-none-eabi/lib/thumb/v7-m/nofp\libc_nano.a(libc_a-stdio.o) (_close_r)
C:/ST/STM32CubeIDE_1.13.1/STM32CubeIDE/plugins/com.st.stm32cube.ide.mcu.externaltools.gnu-tools-for-stm32.12.3.rel1.win32_1.1.0.202410251130/tools/bin/../lib/gcc/arm-none-eabi/12.3.1/../../../../arm-none-eabi/lib/thumb/v7-m/nofp\libc_nano.a(libc_a-reent.o)
                              C:/ST/STM32CubeIDE_1.13.1/STM32CubeIDE/plugins/com.st.stm32cube.ide.mcu.externaltools.gnu-tools-for-stm32.12.3.rel1.win32_1.1.0.202410251130/tools/bin/../lib/gcc/arm-none-eabi/12.3.1/../../../../arm-none-eabi/lib/thumb/v7-m/nofp\libc_nano.a(libc_a-closer.o) (errno)
C:/ST/STM32CubeIDE_1.13.1/STM32CubeIDE/plugins/com.st.stm32cube.ide.mcu.externaltools.gnu-tools-for-stm32.12.3.rel1.win32_1.1.0.202410251130/tools/bin/../lib/gcc/arm-none-eabi/12.3.1/../../../../arm-none-eabi/lib/thumb/v7-m/nofp\libc_nano.a(libc_a-impure.o)
                              C:/ST/STM32CubeIDE_1.13.1/STM32CubeIDE/plugins/com.st.stm32cube.ide.mcu.externaltools.gnu-tools-for-stm32.12.3.rel1.win32_1.1.0.202410251130/tools/bin/../lib/gcc/arm-none-eabi/12.3.1/../../../../arm-none-eabi/lib/thumb/v7-m/nofp\libc_nano.a(libc_a-reent.o) (_impure_ptr)
C:/ST/STM32CubeIDE_1.13.1/STM32CubeIDE/plugins/com.st.stm32cube.ide.mcu.externaltools.gnu-tools-for-stm32.12.3.rel1.win32_1.1.0.202410251130/tools/bin/../lib/gcc/arm-none-eabi/12.3.1/../../../../arm-none-eabi/lib/thumb/v7-m/nofp\libc_nano.a(libc_a-lseekr.o)
[...]
Memory Configuration

Name             Origin             Length             Attributes
RAM              0x20000000         0x00005000         xrw
FLASH            0x08000000         0x00010000         xr
*default*        0x00000000         0xffffffff

Linker script and memory map

LOAD C:/ST/STM32CubeIDE_1.13.1/STM32CubeIDE/plugins/com.st.stm32cube.ide.mcu.externaltools.gnu-tools-for-stm32.12.3.rel1.win32_1.1.0.202410251130/tools/bin/../lib/gcc/arm-none-eabi/12.3.1/thumb/v7-m/nofp/crti.o
LOAD C:/ST/STM32CubeIDE_1.13.1/STM32CubeIDE/plugins/com.st.stm32cube.ide.mcu.externaltools.gnu-tools-for-stm32.12.3.rel1.win32_1.1.0.202410251130/tools/bin/../lib/gcc/arm-none-eabi/12.3.1/thumb/v7-m/nofp/crtbegin.o
LOAD C:/ST/STM32CubeIDE_1.13.1/STM32CubeIDE/plugins/com.st.stm32cube.ide.mcu.externaltools.gnu-tools-for-stm32.12.3.rel1.win32_1.1.0.202410251130/tools/bin/../lib/gcc/arm-none-eabi/12.3.1/../../../../arm-none-eabi/lib/thumb/v7-m/nofp/crt0.o
LOAD ./Core/Src/syscalls.o
LOAD ./Core/Src/sysmem.o
LOAD ./Drivers/Devices/Motor/motor_driver.o
LOAD ./Drivers/Devices/Speed/speed_driver.o
LOAD ./Drivers/Devices/Ultrasonic/ultrasonic_driver.o
LOAD ./Drivers/MCAL/Scr/RCC.o
LOAD ./Drivers/MCAL/Scr/stm32_F103C6_EXTI_driver.o
LOAD ./Drivers/MCAL/Scr/stm32_F103C6_gpio_driver.o
LOAD ./Drivers/MCAL/Scr/stm32f103x6_spi_driver.o
LOAD ./Drivers/MCAL/Scr/stm32f103x8_i2c_driver.o
LOAD ./Drivers/MCAL/Scr/uart.o
LOAD ./Startup/startup_stm32f103c8tx.o
START GROUP
LOAD C:/ST/STM32CubeIDE_1.13.1/STM32CubeIDE/plugins/com.st.stm32cube.ide.mcu.externaltools.gnu-tools-for-stm32.12.3.rel1.win32_1.1.0.202410251130/tools/bin/../lib/gcc/arm-none-eabi/12.3.1/../../../../arm-none-eabi/lib/thumb/v7-m/nofp\libc_nano.a
LOAD C:/ST/STM32CubeIDE_1.13.1/STM32CubeIDE/plugins/com.st.stm32cube.ide.mcu.externaltools.gnu-tools-for-stm32.12.3.rel1.win32_1.1.0.202410251130/tools/bin/../lib/gcc/arm-none-eabi/12.3.1/../../../../arm-none-eabi/lib/thumb/v7-m/nofp\libm.a
END GROUP
START GROUP
LOAD C:/ST/STM32CubeIDE_1.13.1/STM32CubeIDE/plugins/com.st.stm32cube.ide.mcu.externaltools.gnu-tools-for-stm32.12.3.rel1.win32_1.1.0.202410251130/tools/bin/../lib/gcc/arm-none-eabi/12.3.1/thumb/v7-m/nofp\libgcc.a
LOAD C:/ST/STM32CubeIDE_1.13.1/STM32CubeIDE/plugins/com.st.stm32cube.ide.mcu.externaltools.gnu-tools-for-stm32.12.3.rel1.win32_1.1.0.202410251130/tools/bin/../lib/gcc/arm-none-eabi/12.3.1/../../../../arm-none-eabi/lib/thumb/v7-m/nofp\libc_nano.a
END GROUP
START GROUP
LOAD C:/ST/STM32CubeIDE_1.13.1/STM32CubeIDE/plugins/com.st.stm32cube.ide.mcu.externaltools.gnu-tools-for-stm32.12.3.rel1.win32_1.1.0.202410251130/tools/bin/../lib/gcc/arm-none-eabi/12.3.1/thumb/v7-m/nofp\libgcc.a
LOAD C:/ST/STM32CubeIDE_1.13.1/STM32CubeIDE/plugins/com.st.stm32cube.ide.mcu.externaltools.gnu-tools-for-stm32.12.3.rel1.win32_1.1.0.202410251130/tools/bin/../lib/gcc/arm-none-eabi/12.3.1/../../../../arm-none-eabi/lib/thumb/v7-m/nofp\libc_nano.a
LOAD C:/ST/STM32CubeIDE_1.13.1/STM32CubeIDE/plugins/com.st.stm32cube.ide.mcu.externaltools.gnu-tools-for-stm32.12.3.rel1.win32_1.1.0.202410251130/tools/bin/../lib/gcc/arm-none-eabi/12.3.1/../../../../arm-none-eabi/lib/thumb/v7-m/nofp\libnosys.a
END GROUP
START GROUP
LOAD C:/ST/STM32CubeIDE_1.13.1/STM32CubeIDE/plugins/com.st.stm32cube.ide.mcu.externaltools.gnu-tools-for-stm32.12.3.rel1.win32_1.1.0.202410251130/tools/bin/../lib/gcc/arm-none-eabi/12.3.1/thumb/v7-m/nofp\libgcc.a
LOAD C:/ST/STM32CubeIDE_1.13.1/STM32CubeIDE/plugins/com.st.stm32cube.ide.mcu.externaltools.gnu-tools-for-stm32.12.3.rel1.win32_1.1.0.202410251130/tools/bin/../lib/gcc/arm-none-eabi/12.3.1/../../../../arm-none-eabi/lib/thumb/v7-m/nofp\libc_nano.a
LOAD C:/ST/STM32CubeIDE_1.13.1/STM32CubeIDE/plugins/com.st.stm32cube.ide.mcu.externaltools.gnu-tools-for-stm32.12.3.rel1.win32_1.1.0.202410251130/tools/bin/../lib/gcc/arm-none-eabi/12.3.1/../../../../arm-none-eabi/lib/thumb/v7-m/nofp\libnosys.a
END GROUP
LOAD C:/ST/STM32CubeIDE_1.13.1/STM32CubeIDE/plugins/com.st.stm32cube.ide.mcu.externaltools.gnu-tools-for-stm32.12.3.rel1.win32_1.1.0.202410251130/tools/bin/../lib/gcc/arm-none-eabi/12.3.1/thumb/v7-m/nofp/crtend.o
LOAD C:/ST/STM32CubeIDE_1.13.1/STM32CubeIDE/plugins/com.st.stm32cube.ide.mcu.externaltools.gnu-tools-for-stm32.12.3.rel1.win32_1.1.0.202410251130/tools/bin/../lib/gcc/arm-none-eabi/12.3.1/thumb/v7-m/nofp/crtn.o
                0x20005000                        _estack = (ORIGIN (RAM) + LENGTH (RAM))
                0x00000200                        _Min_Heap_Size = 0x200
                0x00000400                        _Min_Stack_Size = 0x400

.isr_vector     0x08000000      0x130
                0x08000000                        . = ALIGN (0x4)
 *(.isr_vector)
 .isr_vector    0x08000000      0x130 ./Startup/startup_stm32f103c8tx.o
                0x08000000                g_pfnVectors
                0x08000130                        . = ALIGN (0x4)

.text           0x08000130      0x220
                0x08000130                        . = ALIGN (0x4)
 *(.text)
 .text          0x08000130       0x40 C:/ST/STM32CubeIDE_1.13.1/STM32CubeIDE/plugins/com.st.stm32cube.ide.mcu.externaltools.gnu-tools-for-stm32.12.3.rel1.win32_1.1.0.202410251130/tools/bin/../lib/gcc/arm-none-eabi/12.3.1/thumb/v7-m/nofp/crtbegin.o
 *(.text*)
 .text.main     0x08000170        0x8 ./Drivers/MCAL/Scr/stm32_F103C6_EXTI_driver.o
                0x08000170                main
 .text.SPI1_IRQHandler
                0x08000178       0x5c ./Drivers/MCAL/Scr/stm32f103x6_spi_driver.o
                0x08000178                SPI1_IRQHandler
 .text.SPI2_IRQHandler
                0x080001d4       0x5c ./Drivers/MCAL/Scr/stm32f103x6_spi_driver.o
                0x080001d4                SPI2_IRQHandler
 .text.I2C1_EV_IRQHandler
                0x08000230        0xc ./Drivers/MCAL/Scr/stm32f103x8_i2c_driver.o
                0x08000230                I2C1_EV_IRQHandler
 .text.I2C1_ER_IRQHandler
                0x0800023c        0xc ./Drivers/MCAL/Scr/stm32f103x8_i2c_driver.o
                0x0800023c                I2C1_ER_IRQHandler
 .text.I2C2_EV_IRQHandler
                0x08000248        0xc ./Drivers/MCAL/Scr/stm32f103x8_i2c_driver.o
                0x08000248                I2C2_EV_IRQHandler
 .text.I2C2_ER_IRQHandler
                0x08000254        0xc ./Drivers/MCAL/Scr/stm32f103x8_i2c_driver.o
                0x08000254                I2C2_ER_IRQHandler
 .text.USART1_IRQHandler
                0x08000260       0x14 ./Drivers/MCAL/Scr/uart.o
                0x08000260                USART1_IRQHandler
 .text.USART2_IRQHandler
                0x08000274       0x14 ./Drivers/MCAL/Scr/uart.o
                0x08000274                USART2_IRQHandler
 .text.USART3_IRQHandler
                0x08000288       0x14 ./Drivers/MCAL/Scr/uart.o
                0x08000288                USART3_IRQHandler
 .text.Reset_Handler
                0x0800029c       0x50 ./Startup/startup_stm32f103c8tx.o
                0x0800029c                Reset_Handler
 .text.Default_Handler
                0x080002ec        0x2 ./Startup/startup_stm32f103c8tx.o
                0x080002ec                EXTI2_IRQHandler
                0x080002ec                TIM8_TRG_COM_IRQHandler
                0x080002ec                TIM8_CC_IRQHandler
                0x080002ec                DebugMon_Handler
                0x080002ec                TIM1_CC_IRQHandler
                0x080002ec                HardFault_Handler
                0x080002ec                TIM6_IRQHandler
                0x080002ec                SysTick_Handler
                0x080002ec                PVD_IRQHandler
                0x080002ec                SDIO_IRQHandler
                0x080002ec                PendSV_Handler
                0x080002ec                NMI_Handler
                0x080002ec                EXTI3_IRQHandler
                0x080002ec                USB_HP_CAN_TX_IRQHandler
                0x080002ec                EXTI0_IRQHandler
                0x080002ec                UsageFault_Handler
                0x080002ec                ADC1_2_IRQHandler
                0x080002ec                CAN_SCE_IRQHandler
                0x080002ec                TAMPER_IRQHandler
                0x080002ec                TIM8_UP_IRQHandler
                0x080002ec                DMA2_Channel2_IRQHandler
                0x080002ec                DMA1_Channel4_IRQHandler
                0x080002ec                RTC_IRQHandler
                0x080002ec                DMA1_Channel7_IRQHandler
                0x080002ec                UART5_IRQHandler
                0x080002ec                ADC3_IRQHandler
                0x080002ec                TIM4_IRQHandler
                0x080002ec                CAN_RX1_IRQHandler
                0x080002ec                DMA2_Channel1_IRQHandler
                0x080002ec                DMA1_Channel6_IRQHandler
                0x080002ec                UART4_IRQHandler
                0x080002ec                TIM3_IRQHandler
                0x080002ec                RCC_IRQHandler
                0x080002ec                TIM1_TRG_COM_IRQHandler
                0x080002ec                DMA1_Channel1_IRQHandler
                0x080002ec                Default_Handler
                0x080002ec                EXTI15_10_IRQHandler
                0x080002ec                TIM7_IRQHandler
                0x080002ec                TIM5_IRQHandler
                0x080002ec                EXTI9_5_IRQHandler
                0x080002ec                USB_LP_CAN_RX0_IRQHandler
                0x080002ec                MemManage_Handler
                0x080002ec                SVC_Handler
                0x080002ec                DMA1_Channel5_IRQHandler
                0x080002ec                EXTI4_IRQHandler
                0x080002ec                DMA1_Channel3_IRQHandler
                0x080002ec                FSMC_IRQHandler
                0x080002ec                TIM1_UP_IRQHandler
                0x080002ec                WWDG_IRQHandler
                0x080002ec                TIM2_IRQHandler
                0x080002ec                TIM1_BRK_IRQHandler
                0x080002ec                EXTI1_IRQHandler
                0x080002ec                RTCAlarm_IRQHandler
                0x080002ec                DMA2_Channel4_5_IRQHandler
                0x080002ec                DMA1_Channel2_IRQHandler
                0x080002ec                TIM8_BRK_IRQHandler
                0x080002ec                FLASH_IRQHandler
                0x080002ec                BusFault_Handler
                0x080002ec                SPI3_IRQHandler
                0x080002ec                DMA2_Channel3_IRQHandler
 *fill*         0x080002ee        0x2 
 .text.__libc_init_array
                0x080002f0       0x48 C:/ST/STM32CubeIDE_1.13.1/STM32CubeIDE/plugins/com.st.stm32cube.ide.mcu.externaltools.gnu-tools-for-stm32.12.3.rel1.win32_1.1.0.202410251130/tools/bin/../lib/gcc/arm-none-eabi/12.3.1/../../../../arm-none-eabi/lib/thumb/v7-m/nofp\libc_nano.a(libc_a-init.o)
                0x080002f0                __libc_init_array
 *(.glue_7)
 .glue_7        0x08000338        0x0 linker stubs
 *(.glue_7t)
 .glue_7t       0x08000338        0x0 linker stubs
 *(.eh_frame)
 .eh_frame      0x08000338        0x0 C:/ST/STM32CubeIDE_1.13.1/STM32CubeIDE/plugins/com.st.stm32cube.ide.mcu.externaltools.gnu-tools-for-stm32.12.3.rel1.win32_1.1.0.202410251130/tools/bin/../lib/gcc/arm-none-eabi/12.3.1/thumb/v7-m/nofp/crtbegin.o
 *(.init)
 .init          0x08000338        0x4 C:/ST/STM32CubeIDE_1.13.1/STM32CubeIDE/plugins/com.st.stm32cube.ide.mcu.externaltools.gnu-tools-for-stm32.12.3.rel1.win32_1.1.0.202410251130/tools/bin/../lib/gcc/arm-none-eabi/12.3.1/thumb/v7-m/nofp/crti.o
                0x08000338                _init
 .init          0x0800033c        0x8 C:/ST/STM32CubeIDE_1.13.1/STM32CubeIDE/plugins/com.st.stm32cube.ide.mcu.externaltools.gnu-tools-for-stm32.12.3.rel1.win32_1.1.0.202410251130/tools/bin/../lib/gcc/arm-none-eabi/12.3.1/thumb/v7-m/nofp/crtn.o
 *(.fini)
 .fini          0x08000344        0x4 C:/ST/STM32CubeIDE_1.13.1/STM32CubeIDE/plugins/com.st.stm32cube.ide.mcu.externaltools.gnu-tools-for-stm32.12.3.rel1.win32_1.1.0.202410251130/tools/bin/../lib/gcc/arm-none-eabi/12.3.1/thumb/v7-m/nofp/crti.o
                0x08000344                _fini
 .fini          0x08000348        0x8 C:/ST/STM32CubeIDE_1.13.1/STM32CubeIDE/plugins/com.st.stm32cube.ide.mcu.externaltools.gnu-tools-for-stm32.12.3.rel1.win32_1.1.0.202410251130/tools/bin/../lib/gcc/arm-none-eabi/12.3.1/thumb/v7-m/nofp/crtn.o
                0x08000350                        . = ALIGN (0x4)
                0x08000350                        _etext = .

.vfp11_veneer   0x08000350        0x0
 .vfp11_veneer  0x08000350        0x0 linker stubs

.v4_bx          0x08000350        0x0
 .v4_bx         0x08000350        0x0 linker stubs

.iplt           0x08000350        0x0
 .iplt          0x08000350        0x0 C:/ST/STM32CubeIDE_1.13.1/STM32CubeIDE/plugins/com.st.stm32cube.ide.mcu.externaltools.gnu-tools-for-stm32.12.3.rel1.win32_1.1.0.202410251130/tools/bin/../lib/gcc/arm-none-eabi/12.3.1/thumb/v7-m/nofp/crtbegin.o

.rodata         0x08000350        0x0
                0x08000350                        . = ALIGN (0x4)
 *(.rodata)
 *(.rodata*)
                0x08000350                        . = ALIGN (0x4)

.ARM.extab      0x08000350        0x0
                0x08000350                        . = ALIGN (0x4)
 *(.ARM.extab* .gnu.linkonce.armextab.*)
                0x08000350                        . = ALIGN (0x4)

.ARM            0x08000350        0x0
                0x08000350                        . = ALIGN (0x4)
                0x08000350                        __exidx_start = .
 *(.ARM.exidx*)
                0x08000350                        __exidx_end = .
                0x08000350                        . = ALIGN (0x4)

.preinit_array  0x08000350        0x0
                0x08000350                        . = ALIGN (0x4)
                0x08000350                        PROVIDE (__preinit_array_start = .)
 *(.preinit_array*)
                0x08000350                        PROVIDE (__preinit_array_end = .)
                0x08000350                        . = ALIGN (0x4)

.init_array     0x08000350        0x4
                0x08000350                        . = ALIGN (0x4)
                0x08000350                        PROVIDE (__init_array_start = .)
 *(SORT_BY_NAME(.init_array.*))
 *(.init_array*)
 .init_array    0x08000350        0x4 C:/ST/STM32CubeIDE_1.13.1/STM32CubeIDE/plugins/com.st.stm32cube.ide.mcu.externaltools.gnu-tools-for-stm32.12.3.rel1.win32_1.1.0.202410251130/tools/bin/../lib/gcc/arm-none-eabi/12.3.1/thumb/v7-m/nofp/crtbegin.o
                0x08000354                        PROVIDE (__init_array_end = .)
                0x08000354                        . = ALIGN (0x4)

.fini_array     0x08000354        0x4
                0x08000354                        . = ALIGN (0x4)
                [!provide]                        PROVIDE (__fini_array_start = .)
 *(SORT_BY_NAME(.fini_array.*))
 *(.fini_array*)
 .fini_array    0x08000354        0x4 C:/ST/STM32CubeIDE_1.13.1/STM32CubeIDE/plugins/com.st.stm32cube.ide.mcu.externaltools.gnu-tools-for-stm32.12.3.rel1.win32_1.1.0.202410251130/tools/bin/../lib/gcc/arm-none-eabi/12.3.1/thumb/v7-m/nofp/crtbegin.o
                [!provide]                        PROVIDE (__fini_array_end = .)
                0x08000358                        . = ALIGN (0x4)
                0x08000358                        _sidata = LOADADDR (.data)

.rel.dyn        0x08000358        0x0
 .rel.iplt      0x08000358        0x0 C:/ST/STM32CubeIDE_1.13.1/STM32CubeIDE/plugins/com.st.stm32cube.ide.mcu.externaltools.gnu-tools-for-stm32.12.3.rel1.win32_1.1.0.202410251130/tools/bin/../lib/gcc/arm-none-eabi/12.3.1/thumb/v7-m/nofp/crtbegin.o

.data           0x20000000        0x0 load address 0x08000358
                0x20000000                        . = ALIGN (0x4)
                0x20000000                        _sdata = .
 *(.data)
 *(.data*)
 *(.RamFunc)
 *(.RamFunc*)
                0x20000000                        . = ALIGN (0x4)
                0x20000000                        _edata = .

.igot.plt       0x20000000        0x0 load address 0x08000358
 .igot.plt      0x20000000        0x0 C:/ST/STM32CubeIDE_1.13.1/STM32CubeIDE/plugins/com.st.stm32cube.ide.mcu.externaltools.gnu-tools-for-stm32.12.3.rel1.win32_1.1.0.202410251130/tools/bin/../lib/gcc/arm-none-eabi/12.3.1/thumb/v7-m/nofp/crtbegin.o
                0x20000000                        . = ALIGN (0x4)

.bss            0x20000000       0x28 load address 0x08000358
                0x20000000                        _sbss = .
                0x20000000                        __bss_start__ = _sbss
 *(.bss)
 .bss           0x20000000       0x1c C:/ST/STM32CubeIDE_1.13.1/STM32CubeIDE/plugins/com.st.stm32cube.ide.mcu.externaltools.gnu-tools-for-stm32.12.3.rel1.win32_1.1.0.202410251130/tools/bin/../lib/gcc/arm-none-eabi/12.3.1/thumb/v7-m/nofp/crtbegin.o
 *(.bss*)
 .bss.G_SPI_Config
                0x2000001c        0x8 ./Drivers/MCAL/Scr/stm32f103x6_spi_driver.o
                0x2000001c                G_SPI_Config
 .bss.Global_config
                0x20000024        0x4 ./Drivers/MCAL/Scr/uart.o
                0x20000024                Global_config
 *(COMMON)
                0x20000028                        . = ALIGN (0x4)
                0x20000028                        _ebss = .
                0x20000028                        __bss_end__ = _ebss

._user_heap_stack
                0x20000028      0x600 load address 0x08000358
                0x20000028                        . = ALIGN (0x8)
                [!provide]                        PROVIDE (end = .)
                0x20000028                        PROVIDE (_end = .)
                0x20000228                        . = (. + _Min_Heap_Size)
 *fill*         0x20000028      0x200 
                0x20000628                        . = (. + _Min_Stack_Size)
 *fill*         0x20000228      0x400 
                0x20000628                        . = ALIGN (0x8)

/DISCARD/
 libc.a(*)
 libm.a(*)
 libgcc.a(*)

.ARM.attributes
                0x00000000       0x29
 *(.ARM.attributes)
 .ARM.attributes
                0x00000000       0x1d C:/ST/STM32CubeIDE_1.13.1/STM32CubeIDE/plugins/com.st.stm32cube.ide.mcu.externaltools.gnu-tools-for-stm32.12.3.rel1.win32_1.1.0.202410251130/tools/bin/../lib/gcc/arm-none-eabi/12.3.1/thumb/v7-m/nofp/crti.o
 .ARM.attributes
                0x0000001d       0x2d C:/ST/STM32CubeIDE_1.13.1/STM32CubeIDE/plugins/com.st.stm32cube.ide.mcu.externaltools.gnu-tools-for-stm32.12.3.rel1.win32_1.1.0.202410251130/tools/bin/../lib/gcc/arm-none-eabi/12.3.1/thumb/v7-m/nofp/crtbegin.o
 .ARM.attributes
                0x0000004a       0x2d ./Drivers/MCAL/Scr/stm32_F103C6_EXTI_driver.o
 .ARM.attributes
                0x00000077       0x2d ./Drivers/MCAL/Scr/stm32f103x6_spi_driver.o
 .ARM.attributes
                0x000000a4       0x2d ./Drivers/MCAL/Scr/stm32f103x8_i2c_driver.o
 .ARM.attributes
                0x000000d1       0x2d ./Drivers/MCAL/Scr/uart.o
 .ARM.attributes
                0x000000fe       0x21 ./Startup/startup_stm32f103c8tx.o
 .ARM.attributes
                0x0000011f       0x2d C:/ST/STM32CubeIDE_1.13.1/STM32CubeIDE/plugins/com.st.stm32cube.ide.mcu.externaltools.gnu-tools-for-stm32.12.3.rel1.win32_1.1.0.202410251130/tools/bin/../lib/gcc/arm-none-eabi/12.3.1/../../../../arm-none-eabi/lib/thumb/v7-m/nofp\libc_nano.a(libc_a-init.o)
 .ARM.attributes
                0x0000014c       0x1d C:/ST/STM32CubeIDE_1.13.1/STM32CubeIDE/plugins/com.st.stm32cube.ide.mcu.externaltools.gnu-tools-for-stm32.12.3.rel1.win32_1.1.0.202410251130/tools/bin/../lib/gcc/arm-none-eabi/12.3.1/thumb/v7-m/nofp/crtn.o
OUTPUT(configuring.elf elf32-littlearm)
LOAD linker stubs
LOAD C:/ST/STM32CubeIDE_1.13.1/STM32CubeIDE/plugins/com.st.stm32cube.ide.mcu.externaltools.gnu-tools-for-stm32.12.3.rel1.win32_1.1.0.202410251130/tools/bin/../lib/gcc/arm-none-eabi/12.3.1/../../../../arm-none-eabi/lib/thumb/v7-m/nofp\libc.a
LOAD C:/ST/STM32CubeIDE_1.13.1/STM32CubeIDE/plugins/com.st.stm32cube.ide.mcu.externaltools.gnu-tools-for-stm32.12.3.rel1.win32_1.1.0.202410251130/tools/bin/../lib/gcc/arm-none-eabi/12.3.1/../../../../arm-none-eabi/lib/thumb/v7-m/nofp\libm.a
LOAD C:/ST/STM32CubeIDE_1.13.1/STM32CubeIDE/plugins/com.st.stm32cube.ide.mcu.externaltools.gnu-tools-for-stm32.12.3.rel1.win32_1.1.0.202410251130/tools/bin/../lib/gcc/arm-none-eabi/12.3.1/thumb/v7-m/nofp\libgcc.a

.debug_info     0x00000000     0x13df
 .debug_info    0x00000000       0x87 ./Drivers/MCAL/Scr/stm32_F103C6_EXTI_driver.o
 .debug_info    0x00000087      0x592 ./Drivers/MCAL/Scr/stm32f103x6_spi_driver.o
 .debug_info    0x00000619      0x889 ./Drivers/MCAL/Scr/stm32f103x8_i2c_driver.o
 .debug_info    0x00000ea2      0x50d ./Drivers/MCAL/Scr/uart.o
 .debug_info    0x000013af       0x30 ./Startup/startup_stm32f103c8tx.o

.debug_abbrev   0x00000000      0x630
 .debug_abbrev  0x00000000       0x47 ./Drivers/MCAL/Scr/stm32_F103C6_EXTI_driver.o
 .debug_abbrev  0x00000047      0x1e0 ./Drivers/MCAL/Scr/stm32f103x6_spi_driver.o
 .debug_abbrev  0x00000227      0x225 ./Drivers/MCAL/Scr/stm32f103x8_i2c_driver.o
 .debug_abbrev  0x0000044c      0x1c0 ./Drivers/MCAL/Scr/uart.o
 .debug_abbrev  0x0000060c       0x24 ./Startup/startup_stm32f103c8tx.o

.debug_aranges  0x00000000      0x1a0
 .debug_aranges
                0x00000000       0x20 ./Drivers/MCAL/Scr/stm32_F103C6_EXTI_driver.o
 .debug_aranges
                0x00000020       0x58 ./Drivers/MCAL/Scr/stm32f103x6_spi_driver.o
 .debug_aranges
                0x00000078       0x98 ./Drivers/MCAL/Scr/stm32f103x8_i2c_driver.o
 .debug_aranges
                0x00000110       0x68 ./Drivers/MCAL/Scr/uart.o
 .debug_aranges
                0x00000178       0x28 ./Startup/startup_stm32f103c8tx.o

.debug_rnglists
                0x00000000      0x12a
 .debug_rnglists
                0x00000000       0x13 ./Drivers/MCAL/Scr/stm32_F103C6_EXTI_driver.o
 .debug_rnglists
                0x00000013       0x3f ./Drivers/MCAL/Scr/stm32f103x6_spi_driver.o
 .debug_rnglists
                0x00000052       0x73 ./Drivers/MCAL/Scr/stm32f103x8_i2c_driver.o
 .debug_rnglists
                0x000000c5       0x4c ./Drivers/MCAL/Scr/uart.o
 .debug_rnglists
                0x00000111       0x19 ./Startup/startup_stm32f103c8tx.o

.debug_macro    0x00000000      0x839
 .debug_macro   0x00000000       0x63 ./Drivers/MCAL/Scr/stm32_F103C6_EXTI_driver.o
 .debug_macro   0x00000063       0x8e ./Drivers/MCAL/Scr/stm32_F103C6_EXTI_driver.o
 .debug_macro   0x000000f1       0x51 ./Drivers/MCAL/Scr/stm32_F103C6_EXTI_driver.o
 .debug_macro   0x00000142      0x195 ./Drivers/MCAL/Scr/stm32f103x6_spi_driver.o
 .debug_macro   0x000002d7       0xbf ./Drivers/MCAL/Scr/stm32f103x6_spi_driver.o
 .debug_macro   0x00000396      0x19e ./Drivers/MCAL/Scr/stm32f103x8_i2c_driver.o
 .debug_macro   0x00000534       0x6c ./Drivers/MCAL/Scr/stm32f103x8_i2c_driver.o
 .debug_macro   0x000005a0      0x1b1 ./Drivers/MCAL/Scr/uart.o
 .debug_macro   0x00000751       0xe8 ./Drivers/MCAL/Scr/uart.o

.debug_line     0x00000000     0x21b7
 .debug_line    0x00000000      0x426 ./Drivers/MCAL/Scr/stm32_F103C6_EXTI_driver.o
 .debug_line    0x00000426      0x96a ./Drivers/MCAL/Scr/stm32f103x6_spi_driver.o
 .debug_line    0x00000d90      0xae0 ./Drivers/MCAL/Scr/stm32f103x8_i2c_driver.o
 .debug_line    0x00001870      0x8cc ./Drivers/MCAL/Scr/uart.o
 .debug_line    0x0000213c       0x7b ./Startup/startup_stm32f103c8tx.o

.debug_str      0x00000000    0x28b2a
 .debug_str     0x00000000     0x3ba7 ./Drivers/MCAL/Scr/stm32_F103C6_EXTI_driver.o
                               0x3d07 (size before relaxing)
 .debug_str     0x00003ba7    0x22e00 ./Drivers/MCAL/Scr/stm32f103x6_spi_driver.o
                              0x26b97 (size before relaxing)
 .debug_str     0x000269a7      0x679 ./Drivers/MCAL/Scr/stm32f103x8_i2c_driver.o
                              0x26aee (size before relaxing)
 .debug_str     0x00027020     0x1acb ./Drivers/MCAL/Scr/uart.o
                              0x27f80 (size before relaxing)
 .debug_str     0x00028aeb       0x3f ./Startup/startup_stm32f103c8tx.o
                                 0x93 (size before relaxing)

.comment        0x00000000       0x43
 .comment       0x00000000       0x43 ./Drivers/MCAL/Scr/stm32_F103C6_EXTI_driver.o
                                 0x44 (size before relaxing)
 .comment       0x00000043       0x44 ./Drivers/MCAL/Scr/stm32f103x6_spi_driver.o
 .comment       0x00000043       0x44 ./Drivers/MCAL/Scr/stm32f103x8_i2c_driver.o
 .comment       0x00000043       0x44 ./Drivers/MCAL/Scr/uart.o

.debug_frame    0x00000000      0x56c
 .debug_frame   0x00000000       0x28 ./Drivers/MCAL/Scr/stm32_F103C6_EXTI_driver.o
 .debug_frame   0x00000028      0x148 ./Drivers/MCAL/Scr/stm32f103x6_spi_driver.o
 .debug_frame   0x00000170      0x260 ./Drivers/MCAL/Scr/stm32f103x8_i2c_driver.o
 .debug_frame   0x000003d0      0x170 ./Drivers/MCAL/Scr/uart.o
 .debug_frame   0x00000540       0x2c C:/ST/STM32CubeIDE_1.13.1/STM32CubeIDE/plugins/com.st.stm32cube.ide.mcu.externaltools.gnu-tools-for-stm32.12.3.rel1.win32_1.1.0.202410251130/tools/bin/../lib/gcc/arm-none-eabi/12.3.1/../../../../arm-none-eabi/lib/thumb/v7-m/nofp\libc_nano.a(libc_a-init.o)

.debug_line_str
                0x00000000       0x77
 .debug_line_str
                0x00000000       0x77 ./Startup/startup_stm32f103c8tx.o
