../Core/Src/main.c:101:5:main	24	static
../Core/Src/main.c:154:6:Trigger_Ultrasonic_Measurements	24	static
../Core/Src/main.c:180:6:Process_Obstacle_Detection	8	static
../Core/Src/main.c:247:16:Evaluate_Distance	16	static
../Core/Src/main.c:266:13:Generic_Ultrasonic_Callback	24	static
../Core/Src/main.c:313:6:Front_Ultrasonic_Callback	8	static
../Core/Src/main.c:320:6:Rear_Ultrasonic_Callback	8	static
../Core/Src/main.c:327:6:Left_Ultrasonic_Callback	8	static
../Core/Src/main.c:334:6:Right_Ultrasonic_Callback	8	static
../Core/Src/main.c:341:6:Left_Speed_Callback	4	static
../Core/Src/main.c:348:6:Right_Speed_Callback	4	static
../Core/Src/main.c:355:6:Timer_Init	32	static
../Core/Src/main.c:379:6:System_Timer_Callback	4	static
../Core/Src/main.c:388:6:Speed_Timer_Callback	16	static
../Core/Src/main.c:415:6:SystemClock_Config	4	static
../Core/Src/main.c:450:6:Initialize_Sensors	120	static
../Core/Src/main.c:544:6:Initialize_Motors	8	static
../Core/Src/main.c:592:6:Initialize_ACC	4	static
