../Core/Src/main.c:107:5:main	24	static
../Core/Src/main.c:160:6:Trigger_Ultrasonic_Measurements	24	static
../Core/Src/main.c:186:6:Process_Obstacle_Detection	8	static
../Core/Src/main.c:253:16:Evaluate_Distance	16	static
../Core/Src/main.c:272:13:Generic_Ultrasonic_Callback	24	static
../Core/Src/main.c:319:6:Front_Ultrasonic_Callback	8	static
../Core/Src/main.c:326:6:Rear_Ultrasonic_Callback	8	static
../Core/Src/main.c:333:6:Left_Ultrasonic_Callback	8	static
../Core/Src/main.c:340:6:Right_Ultrasonic_Callback	8	static
../Core/Src/main.c:347:6:Left_Speed_Callback	4	static
../Core/Src/main.c:354:6:Right_Speed_Callback	4	static
../Core/Src/main.c:361:6:Timer_Init	32	static
../Core/Src/main.c:385:6:System_Timer_Callback	4	static
../Core/Src/main.c:394:6:Speed_Timer_Callback	16	static
../Core/Src/main.c:421:6:SystemClock_Config	4	static
../Core/Src/main.c:456:6:Initialize_Sensors	120	static
../Core/Src/main.c:550:6:Initialize_Motors	8	static
../Core/Src/main.c:598:6:Initialize_ACC	4	static
