../App/Src/acc.c:25:13:ACC_TimerCallback	8	static
../App/Src/acc.c:35:6:ACC_Init	16	static
../App/Src/acc.c:67:6:ACC_SetTargetSpeed	16	static
../App/Src/acc.c:80:6:ACC_SetSafeDistance	16	static
../App/Src/acc.c:96:6:ACC_SetPIDConstants	24	static
../App/Src/acc.c:109:6:ACC_Start	16	static
../App/Src/acc.c:126:6:ACC_Stop	16	static
../App/Src/acc.c:149:6:ACC_EmergencyStop	16	static
../App/Src/acc.c:162:7:ACC_GetCurrentSpeed	24	static
../App/Src/acc.c:175:10:ACC_GetFrontDistance	16	static
../App/Src/acc.c:184:9:ACC_IsObstacleDetected	24	static
../App/Src/acc.c:194:6:ACC_Update	56	static
../App/Src/acc.c:307:6:ACC_SetSpeedPercentage	16	static
../App/Src/acc.c:332:6:ACC_AdjustSteering	24	static
../App/Src/acc.c:374:6:ACC_DisableReverse	16	static
../App/Src/acc.c:397:6:ACC_EnableReverse	16	static
